Archive member included to satisfy reference by file (symbol)

/usr/local/mcuxpressoide-10.3.1_2233/ide/plugins/com.nxp.mcuxpresso.tools.linux_10.3.0.201811011841/tools/bin/../lib/gcc/arm-none-eabi/7.3.1/thumb/v6-m/libgcc.a(_udivsi3.o)
                              ./freertos/fsl_tickless_lptmr.o (__aeabi_uidiv)
/usr/local/mcuxpressoide-10.3.1_2233/ide/plugins/com.nxp.mcuxpresso.tools.linux_10.3.0.201811011841/tools/bin/../lib/gcc/arm-none-eabi/7.3.1/thumb/v6-m/libgcc.a(_dvmd_tls.o)
                              /usr/local/mcuxpressoide-10.3.1_2233/ide/plugins/com.nxp.mcuxpresso.tools.linux_10.3.0.201811011841/tools/bin/../lib/gcc/arm-none-eabi/7.3.1/thumb/v6-m/libgcc.a(_udivsi3.o) (__aeabi_idiv0)
/usr/local/mcuxpressoide-10.3.1_2233/ide/plugins/com.nxp.mcuxpresso.tools.linux_10.3.0.201811011841/tools/bin/../lib/gcc/arm-none-eabi/7.3.1/thumb/v6-m/libgcc.a(unwind-arm.o)
                              ./startup/startup_mkl25z4.o (__aeabi_unwind_cpp_pr0)
/usr/local/mcuxpressoide-10.3.1_2233/ide/plugins/com.nxp.mcuxpresso.tools.linux_10.3.0.201811011841/tools/bin/../lib/gcc/arm-none-eabi/7.3.1/thumb/v6-m/libgcc.a(libunwind.o)
                              /usr/local/mcuxpressoide-10.3.1_2233/ide/plugins/com.nxp.mcuxpresso.tools.linux_10.3.0.201811011841/tools/bin/../lib/gcc/arm-none-eabi/7.3.1/thumb/v6-m/libgcc.a(unwind-arm.o) (restore_core_regs)
/usr/local/mcuxpressoide-10.3.1_2233/ide/plugins/com.nxp.mcuxpresso.tools.linux_10.3.0.201811011841/tools/bin/../lib/gcc/arm-none-eabi/7.3.1/thumb/v6-m/libgcc.a(pr-support.o)
                              /usr/local/mcuxpressoide-10.3.1_2233/ide/plugins/com.nxp.mcuxpresso.tools.linux_10.3.0.201811011841/tools/bin/../lib/gcc/arm-none-eabi/7.3.1/thumb/v6-m/libgcc.a(unwind-arm.o) (__gnu_unwind_execute)
/usr/local/mcuxpressoide-10.3.1_2233/ide/plugins/com.nxp.mcuxpresso.tools.linux_10.3.0.201811011841/tools/bin/../lib/gcc/arm-none-eabi/7.3.1/../../../../arm-none-eabi/lib/thumb/v6-m/libc_nano.a(lib_a-abort.o)
                              /usr/local/mcuxpressoide-10.3.1_2233/ide/plugins/com.nxp.mcuxpresso.tools.linux_10.3.0.201811011841/tools/bin/../lib/gcc/arm-none-eabi/7.3.1/thumb/v6-m/libgcc.a(unwind-arm.o) (abort)
/usr/local/mcuxpressoide-10.3.1_2233/ide/plugins/com.nxp.mcuxpresso.tools.linux_10.3.0.201811011841/tools/bin/../lib/gcc/arm-none-eabi/7.3.1/../../../../arm-none-eabi/lib/thumb/v6-m/libc_nano.a(lib_a-init.o)
                              ./startup/startup_mkl25z4.o (__libc_init_array)
/usr/local/mcuxpressoide-10.3.1_2233/ide/plugins/com.nxp.mcuxpresso.tools.linux_10.3.0.201811011841/tools/bin/../lib/gcc/arm-none-eabi/7.3.1/../../../../arm-none-eabi/lib/thumb/v6-m/libc_nano.a(lib_a-memcpy-stub.o)
                              ./freertos/queue.o (memcpy)
/usr/local/mcuxpressoide-10.3.1_2233/ide/plugins/com.nxp.mcuxpresso.tools.linux_10.3.0.201811011841/tools/bin/../lib/gcc/arm-none-eabi/7.3.1/../../../../arm-none-eabi/lib/thumb/v6-m/libc_nano.a(lib_a-memset.o)
                              ./freertos/tasks.o (memset)
/usr/local/mcuxpressoide-10.3.1_2233/ide/plugins/com.nxp.mcuxpresso.tools.linux_10.3.0.201811011841/tools/bin/../lib/gcc/arm-none-eabi/7.3.1/../../../../arm-none-eabi/lib/thumb/v6-m/libc_nano.a(lib_a-printf.o)
                              ./source/UART.o (printf)
/usr/local/mcuxpressoide-10.3.1_2233/ide/plugins/com.nxp.mcuxpresso.tools.linux_10.3.0.201811011841/tools/bin/../lib/gcc/arm-none-eabi/7.3.1/../../../../arm-none-eabi/lib/thumb/v6-m/libc_nano.a(lib_a-signal.o)
                              /usr/local/mcuxpressoide-10.3.1_2233/ide/plugins/com.nxp.mcuxpresso.tools.linux_10.3.0.201811011841/tools/bin/../lib/gcc/arm-none-eabi/7.3.1/../../../../arm-none-eabi/lib/thumb/v6-m/libc_nano.a(lib_a-abort.o) (raise)
/usr/local/mcuxpressoide-10.3.1_2233/ide/plugins/com.nxp.mcuxpresso.tools.linux_10.3.0.201811011841/tools/bin/../lib/gcc/arm-none-eabi/7.3.1/../../../../arm-none-eabi/lib/thumb/v6-m/libc_nano.a(lib_a-signalr.o)
                              /usr/local/mcuxpressoide-10.3.1_2233/ide/plugins/com.nxp.mcuxpresso.tools.linux_10.3.0.201811011841/tools/bin/../lib/gcc/arm-none-eabi/7.3.1/../../../../arm-none-eabi/lib/thumb/v6-m/libc_nano.a(lib_a-signal.o) (_kill_r)
/usr/local/mcuxpressoide-10.3.1_2233/ide/plugins/com.nxp.mcuxpresso.tools.linux_10.3.0.201811011841/tools/bin/../lib/gcc/arm-none-eabi/7.3.1/../../../../arm-none-eabi/lib/thumb/v6-m/libc_nano.a(lib_a-findfp.o)
                              /usr/local/mcuxpressoide-10.3.1_2233/ide/plugins/com.nxp.mcuxpresso.tools.linux_10.3.0.201811011841/tools/bin/../lib/gcc/arm-none-eabi/7.3.1/../../../../arm-none-eabi/lib/thumb/v6-m/libc_nano.a(lib_a-printf.o) (__sinit)
/usr/local/mcuxpressoide-10.3.1_2233/ide/plugins/com.nxp.mcuxpresso.tools.linux_10.3.0.201811011841/tools/bin/../lib/gcc/arm-none-eabi/7.3.1/../../../../arm-none-eabi/lib/thumb/v6-m/libc_nano.a(lib_a-fwalk.o)
[...]
Memory Configuration

Name             Origin             Length             Attributes
PROGRAM_FLASH    0x0000000000000000 0x0000000000020000 xr
SRAM             0x000000001ffff000 0x0000000000004000 xrw
*default*        0x0000000000000000 0xffffffffffffffff

Linker script and memory map

LOAD ./utilities/fsl_debug_console.o
LOAD ./startup/startup_mkl25z4.o
LOAD ./source/UART.o
LOAD ./source/mtb.o
LOAD ./lib/I2C.o
LOAD ./lib/MMA8451Q.o
LOAD ./lib/pwm.o
LOAD ./freertos/croutine.o
LOAD ./freertos/event_groups.o
LOAD ./freertos/fsl_tickless_lptmr.o
LOAD ./freertos/fsl_tickless_systick.o
LOAD ./freertos/heap_4.o
LOAD ./freertos/list.o
LOAD ./freertos/port.o
LOAD ./freertos/queue.o
LOAD ./freertos/tasks.o
LOAD ./freertos/timers.o
LOAD ./drivers/fsl_clock.o
LOAD ./drivers/fsl_common.o
LOAD ./drivers/fsl_flash.o
LOAD ./drivers/fsl_gpio.o
LOAD ./drivers/fsl_lpsci.o
LOAD ./drivers/fsl_lpsci_freertos.o
LOAD ./drivers/fsl_smc.o
LOAD ./drivers/fsl_uart.o
LOAD ./drivers/fsl_uart_freertos.o
LOAD ./board/board.o
LOAD ./board/clock_config.o
LOAD ./board/peripherals.o
LOAD ./board/pin_mux.o
LOAD ./CMSIS/system_MKL25Z4.o
START GROUP
LOAD /usr/local/mcuxpressoide-10.3.1_2233/ide/plugins/com.nxp.mcuxpresso.tools.linux_10.3.0.201811011841/tools/bin/../lib/gcc/arm-none-eabi/7.3.1/thumb/v6-m/libgcc.a
LOAD /usr/local/mcuxpressoide-10.3.1_2233/ide/plugins/com.nxp.mcuxpresso.tools.linux_10.3.0.201811011841/tools/bin/../lib/gcc/arm-none-eabi/7.3.1/../../../../arm-none-eabi/lib/thumb/v6-m/libc_nano.a
LOAD /usr/local/mcuxpressoide-10.3.1_2233/ide/plugins/com.nxp.mcuxpresso.tools.linux_10.3.0.201811011841/tools/bin/../lib/gcc/arm-none-eabi/7.3.1/../../../../arm-none-eabi/lib/thumb/v6-m/libstdc++_nano.a
LOAD /usr/local/mcuxpressoide-10.3.1_2233/ide/plugins/com.nxp.mcuxpresso.tools.linux_10.3.0.201811011841/tools/bin/../lib/gcc/arm-none-eabi/7.3.1/../../../../arm-none-eabi/lib/thumb/v6-m/libm.a
LOAD /usr/local/mcuxpressoide-10.3.1_2233/ide/plugins/com.nxp.mcuxpresso.tools.linux_10.3.0.201811011841/tools/bin/../lib/gcc/arm-none-eabi/7.3.1/../../../../arm-none-eabi/lib/thumb/v6-m/libcr_newlib_nohost.a
LOAD /usr/local/mcuxpressoide-10.3.1_2233/ide/plugins/com.nxp.mcuxpresso.tools.linux_10.3.0.201811011841/tools/bin/../lib/gcc/arm-none-eabi/7.3.1/thumb/v6-m/crti.o
LOAD /usr/local/mcuxpressoide-10.3.1_2233/ide/plugins/com.nxp.mcuxpresso.tools.linux_10.3.0.201811011841/tools/bin/../lib/gcc/arm-none-eabi/7.3.1/thumb/v6-m/crtn.o
LOAD /usr/local/mcuxpressoide-10.3.1_2233/ide/plugins/com.nxp.mcuxpresso.tools.linux_10.3.0.201811011841/tools/bin/../lib/gcc/arm-none-eabi/7.3.1/thumb/v6-m/crtbegin.o
LOAD /usr/local/mcuxpressoide-10.3.1_2233/ide/plugins/com.nxp.mcuxpresso.tools.linux_10.3.0.201811011841/tools/bin/../lib/gcc/arm-none-eabi/7.3.1/thumb/v6-m/crtend.o
END GROUP
                0x0000000000000000                __base_PROGRAM_FLASH = 0x0
                0x0000000000000000                __base_Flash = 0x0
                0x0000000000020000                __top_PROGRAM_FLASH = 0x20000
                0x0000000000020000                __top_Flash = 0x20000
                0x000000001ffff000                __base_SRAM = 0x1ffff000
                0x000000001ffff000                __base_RAM = 0x1ffff000
                0x0000000020003000                __top_SRAM = 0x20003000
                0x0000000020003000                __top_RAM = 0x20003000

.text           0x0000000000000000     0x69f0
 FILL mask 0xff
                0x0000000000000000                __vectors_start__ = ABSOLUTE (.)
 *(SORT_BY_ALIGNMENT(.isr_vector))
 .isr_vector    0x0000000000000000       0xc0 ./startup/startup_mkl25z4.o
                0x0000000000000000                __Vectors
                0x0000000000000000                g_pfnVectors
                0x00000000000000c0                . = ALIGN (0x4)
                0x00000000000000c0                __section_table_start = .
                0x00000000000000c0                __data_section_table = .
                0x00000000000000c0        0x4 LONG 0x6bcc LOADADDR (.data)
                0x00000000000000c4        0x4 LONG 0x1ffff080 ADDR (.data)
                0x00000000000000c8        0x4 LONG 0x70 SIZEOF (.data)
                0x00000000000000cc                __data_section_table_end = .
                0x00000000000000cc                __bss_section_table = .
                0x00000000000000cc        0x4 LONG 0x1ffff0f0 ADDR (.bss)
                0x00000000000000d0        0x4 LONG 0x29fc SIZEOF (.bss)
                0x00000000000000d4                __bss_section_table_end = .
                0x00000000000000d4                __section_table_end = .
 *(SORT_BY_ALIGNMENT(.after_vectors*))
 .after_vectors.reset
                0x00000000000000d4       0x50 ./startup/startup_mkl25z4.o
                0x00000000000000d4                ResetISR
 .after_vectors.init_data
                0x0000000000000124       0x16 ./startup/startup_mkl25z4.o
                0x0000000000000124                data_init(unsigned int, unsigned int, unsigned int)
 .after_vectors.init_bss
                0x000000000000013a       0x12 ./startup/startup_mkl25z4.o
                0x000000000000013a                bss_init(unsigned int, unsigned int)
 .after_vectors
                0x000000000000014c      0x10c ./startup/startup_mkl25z4.o
                0x000000000000014c                NMI_Handler
                0x000000000000014e                HardFault_Handler
                0x0000000000000156                PIT_DriverIRQHandler
                0x0000000000000156                Reserved39_DriverIRQHandler
                0x0000000000000156                DMA0_DriverIRQHandler
                0x0000000000000156                SPI1_DriverIRQHandler
                0x0000000000000156                LPTMR0_DriverIRQHandler
                0x0000000000000156                TPM2_DriverIRQHandler
                0x0000000000000156                TSI0_DriverIRQHandler
                0x0000000000000156                RTC_Seconds_DriverIRQHandler
                0x0000000000000156                LLWU_DriverIRQHandler
                0x0000000000000156                MCG_DriverIRQHandler
                0x0000000000000156                FTFA_DriverIRQHandler
                0x0000000000000156                IntDefaultHandler
                0x0000000000000156                USB0_DriverIRQHandler
                0x0000000000000156                DAC0_DriverIRQHandler
                0x0000000000000156                LVD_LVW_DriverIRQHandler
                0x0000000000000156                TPM0_DriverIRQHandler
                0x0000000000000156                Reserved20_DriverIRQHandler
                0x0000000000000156                DMA3_DriverIRQHandler
                0x0000000000000156                Reserved45_DriverIRQHandler
                0x0000000000000156                PORTA_DriverIRQHandler
                0x0000000000000156                TPM1_DriverIRQHandler
                0x0000000000000156                RTC_DriverIRQHandler
                0x0000000000000156                DMA1_DriverIRQHandler
                0x0000000000000156                I2C1_DriverIRQHandler
                0x0000000000000156                SPI0_DriverIRQHandler
                0x0000000000000156                ADC0_DriverIRQHandler
                0x0000000000000156                CMP0_DriverIRQHandler
                0x0000000000000156                DMA2_DriverIRQHandler
                0x0000000000000156                PORTD_DriverIRQHandler
                0x0000000000000156                I2C0_DriverIRQHandler
                0x0000000000000158                DMA0_IRQHandler
                0x0000000000000160                DMA1_IRQHandler
                0x0000000000000168                DMA2_IRQHandler
                0x0000000000000170                DMA3_IRQHandler
                0x0000000000000178                Reserved20_IRQHandler
                0x0000000000000180                FTFA_IRQHandler
                0x0000000000000188                LVD_LVW_IRQHandler
                0x0000000000000190                LLWU_IRQHandler
                0x0000000000000198                I2C0_IRQHandler
                0x00000000000001a0                I2C1_IRQHandler
                0x00000000000001a8                SPI0_IRQHandler
                0x00000000000001b0                SPI1_IRQHandler
                0x00000000000001b8                UART0_IRQHandler
                0x00000000000001c0                UART1_IRQHandler
                0x00000000000001c8                UART2_IRQHandler
                0x00000000000001d0                ADC0_IRQHandler
                0x00000000000001d8                CMP0_IRQHandler
                0x00000000000001e0                TPM0_IRQHandler
                0x00000000000001e8                TPM1_IRQHandler
                0x00000000000001f0                TPM2_IRQHandler
                0x00000000000001f8                RTC_IRQHandler
                0x0000000000000200                RTC_Seconds_IRQHandler
                0x0000000000000208                PIT_IRQHandler
                0x0000000000000210                Reserved39_IRQHandler
                0x0000000000000218                USB0_IRQHandler
                0x0000000000000220                DAC0_IRQHandler
                0x0000000000000228                TSI0_IRQHandler
                0x0000000000000230                MCG_IRQHandler
                0x0000000000000238                LPTMR0_IRQHandler
                0x0000000000000240                Reserved45_IRQHandler
                0x0000000000000248                PORTA_IRQHandler
                0x0000000000000250                PORTD_IRQHandler
                0x0000000000000400                . = 0x400
 *fill*         0x0000000000000258      0x1a8 ff
                0x0000000000000400                PROVIDE (__FLASH_CONFIG_START__ = .)
 *(SORT_BY_ALIGNMENT(.FlashConfig))
 .FlashConfig   0x0000000000000400       0x10 ./startup/startup_mkl25z4.o
                0x0000000000000410                PROVIDE (__FLASH_CONFIG_END__ = .)
                0x0000000000000001                ASSERT (! ((__FLASH_CONFIG_START__ == __FLASH_CONFIG_END__)), Linker Flash Config Support Enabled, but no .FlashConfig section provided within application)
 *(SORT_BY_ALIGNMENT(.text*))
 .text.vPortStartFirstTask
                0x0000000000000410       0x38 ./freertos/port.o
 *fill*         0x0000000000000448        0x8 ff
 .text.PendSV_Handler
                0x0000000000000450       0x48 ./freertos/port.o
                0x0000000000000450                PendSV_Handler
 .text.DbgConsole_Init
                0x0000000000000498       0xf4 ./utilities/fsl_debug_console.o
                0x0000000000000498                DbgConsole_Init
 .text._write   0x000000000000058c       0x58 ./utilities/fsl_debug_console.o
                0x000000000000058c                _write
 .text._read    0x00000000000005e4       0x44 ./utilities/fsl_debug_console.o
                0x00000000000005e4                _read
 .text          0x0000000000000628      0x1b4 ./source/UART.o
                0x0000000000000628                task1(void*)
                0x000000000000068c                task2(void*)
                0x00000000000006f0                task3(void*)
                0x0000000000000754                main
 .text          0x00000000000007dc      0x40c ./lib/I2C.o
                0x00000000000007dc                I2C::I2C(I2C_Type*, unsigned char, mult_value_t, icr_value_t)
                0x00000000000007dc                I2C::I2C(I2C_Type*, unsigned char, mult_value_t, icr_value_t)
                0x0000000000000890                I2C::setMult(mult_value_t)
                0x00000000000008c8                I2C::setICR(icr_value_t)
                0x0000000000000902                I2C::setACK(bool)
                0x0000000000000950                I2C::repeatStart()
                0x0000000000000974                I2C::setDirection(mode_direction_t)
                0x00000000000009c4                I2C::setMode(mode_transmition_t)
                0x0000000000000a14                I2C::start()
                0x0000000000000a38                I2C::stop()
                0x0000000000000a5c                I2C::wait()
                0x0000000000000a9a                I2C::writeByte(unsigned char)
                0x0000000000000ac2                I2C::readByte()
                0x0000000000000ada                I2C::writeRegister(unsigned char, unsigned char)
                0x0000000000000b46                I2C::readRegister(unsigned char)
 .text          0x0000000000000be8      0x24c ./lib/MMA8451Q.o
                0x0000000000000be8                MMA8451Q::MMA8451Q(mma8451q_frequency_t, mma8451q_range_t, mma8451q_power_t)
                0x0000000000000be8                MMA8451Q::MMA8451Q(mma8451q_frequency_t, mma8451q_range_t, mma8451q_power_t)
                0x0000000000000c74                MMA8451Q::setFilter()
                0x0000000000000cb2                MMA8451Q::getX()
                0x0000000000000ce8                MMA8451Q::getY()
                0x0000000000000d1e                MMA8451Q::getZ()
                0x0000000000000d54                MMA8451Q::calibrate()
 .text.prvSetupTimerInterrupt
                0x0000000000000e34       0x40 ./freertos/fsl_tickless_lptmr.o
                0x0000000000000e34                prvSetupTimerInterrupt
 .text.pvPortMalloc
                0x0000000000000e74      0x14c ./freertos/heap_4.o
                0x0000000000000e74                pvPortMalloc
 .text.vPortFree
                0x0000000000000fc0       0x90 ./freertos/heap_4.o
                0x0000000000000fc0                vPortFree
 .text.prvHeapInit
                0x0000000000001050       0xc0 ./freertos/heap_4.o
 .text.prvInsertBlockIntoFreeList
                0x0000000000001110       0xb0 ./freertos/heap_4.o
 .text.pxPortInitialiseStack
                0x00000000000011c0       0x54 ./freertos/port.o
                0x00000000000011c0                pxPortInitialiseStack
 .text.prvTaskExitError
                0x0000000000001214       0x18 ./freertos/port.o
 .text.xPortStartScheduler
                0x000000000000122c       0x44 ./freertos/port.o
                0x000000000000122c                xPortStartScheduler
 .text.vPortYield
                0x0000000000001270       0x20 ./freertos/port.o
                0x0000000000001270                vPortYield
 .text.vPortEnterCritical
                0x0000000000001290       0x24 ./freertos/port.o
                0x0000000000001290                vPortEnterCritical
 .text.vPortExitCritical
                0x00000000000012b4       0x30 ./freertos/port.o
                0x00000000000012b4                vPortExitCritical
 .text.SysTick_Handler
                0x00000000000012e4       0x34 ./freertos/port.o
                0x00000000000012e4                SysTick_Handler
 .text.vQueueAddToRegistry
                0x0000000000001318       0x50 ./freertos/queue.o
                0x0000000000001318                vQueueAddToRegistry
 .text.prvInitialiseNewTask
                0x0000000000001368      0x120 ./freertos/tasks.o
 .text.prvAddNewTaskToReadyList
                0x0000000000001488       0xd0 ./freertos/tasks.o
 .text.vTaskSuspend
                0x0000000000001558       0xb8 ./freertos/tasks.o
                0x0000000000001558                vTaskSuspend
 .text.prvTaskIsTaskSuspended
                0x0000000000001610       0x60 ./freertos/tasks.o
 .text.vTaskResume
                0x0000000000001670       0x9c ./freertos/tasks.o
                0x0000000000001670                vTaskResume
 .text.vTaskStartScheduler
                0x000000000000170c       0x78 ./freertos/tasks.o
                0x000000000000170c                vTaskStartScheduler
 .text.vTaskSuspendAll
                0x0000000000001784       0x18 ./freertos/tasks.o
                0x0000000000001784                vTaskSuspendAll
 .text.xTaskResumeAll
                0x000000000000179c      0x118 ./freertos/tasks.o
                0x000000000000179c                xTaskResumeAll
 .text.xTaskGetTickCount
                0x00000000000018b4       0x1c ./freertos/tasks.o
                0x00000000000018b4                xTaskGetTickCount
 .text.xTaskIncrementTick
                0x00000000000018d0      0x14c ./freertos/tasks.o
                0x00000000000018d0                xTaskIncrementTick
 .text.vTaskSwitchContext
                0x0000000000001a1c       0xa4 ./freertos/tasks.o
                0x0000000000001a1c                vTaskSwitchContext
 .text.vTaskPlaceOnEventList
                0x0000000000001ac0       0x3c ./freertos/tasks.o
                0x0000000000001ac0                vTaskPlaceOnEventList
 .text.vTaskPlaceOnEventListRestricted
                0x0000000000001afc       0x4c ./freertos/tasks.o
                0x0000000000001afc                vTaskPlaceOnEventListRestricted
 .text.xTaskRemoveFromEventList
                0x0000000000001b48       0xb8 ./freertos/tasks.o
                0x0000000000001b48                xTaskRemoveFromEventList
 .text.vTaskSetTimeOutState
                0x0000000000001c00       0x34 ./freertos/tasks.o
                0x0000000000001c00                vTaskSetTimeOutState
 .text.xTaskCheckForTimeOut
                0x0000000000001c34       0x9c ./freertos/tasks.o
                0x0000000000001c34                xTaskCheckForTimeOut
 .text.vTaskMissedYield
                0x0000000000001cd0       0x14 ./freertos/tasks.o
                0x0000000000001cd0                vTaskMissedYield
 .text.prvIdleTask
                0x0000000000001ce4       0x20 ./freertos/tasks.o
 .text.prvInitialiseTaskLists
                0x0000000000001d04       0x88 ./freertos/tasks.o
 .text.prvCheckTasksWaitingTermination
                0x0000000000001d8c       0x74 ./freertos/tasks.o
 .text.prvResetNextTaskUnblockTime
                0x0000000000001e00       0x48 ./freertos/tasks.o
 .text.xTaskGetSchedulerState
                0x0000000000001e48       0x38 ./freertos/tasks.o
                0x0000000000001e48                xTaskGetSchedulerState
 .text.vTaskPriorityInherit
                0x0000000000001e80       0xbc ./freertos/tasks.o
                0x0000000000001e80                vTaskPriorityInherit
 .text.xTaskPriorityDisinherit
                0x0000000000001f3c       0xb8 ./freertos/tasks.o
                0x0000000000001f3c                xTaskPriorityDisinherit
 .text.pvTaskIncrementMutexHeldCount
                0x0000000000001ff4       0x24 ./freertos/tasks.o
                0x0000000000001ff4                pvTaskIncrementMutexHeldCount
 .text.prvAddCurrentTaskToDelayedList
                0x0000000000002018       0xa8 ./freertos/tasks.o
 .text.xTimerCreateTimerTask
                0x00000000000020c0       0x54 ./freertos/timers.o
                0x00000000000020c0                xTimerCreateTimerTask
 .text.xTimerGenericCommand
                0x0000000000002114       0x98 ./freertos/timers.o
                0x0000000000002114                xTimerGenericCommand
 .text.prvProcessExpiredTimer
                0x00000000000021ac       0x70 ./freertos/timers.o
 .text.prvProcessTimerOrBlockTask
                0x000000000000221c       0x8c ./freertos/timers.o
 .text.prvGetNextExpireTime
                0x00000000000022a8       0x40 ./freertos/timers.o
 .text.prvSampleTimeNow
                0x00000000000022e8       0x40 ./freertos/timers.o
 .text.prvInsertTimerInActiveList
                0x0000000000002328       0x84 ./freertos/timers.o
 .text.prvProcessReceivedCommands
                0x00000000000023ac      0x12c ./freertos/timers.o
 .text.prvSwitchTimerLists
                0x00000000000024d8       0xb4 ./freertos/timers.o
 .text.prvCheckForValidListAndQueue
                0x000000000000258c       0x74 ./freertos/timers.o
 .text.CLOCK_SetEr32kClock
                0x0000000000002600       0x34 ./drivers/fsl_clock.o
 .text.CLOCK_SetPllFllSelClock
                0x0000000000002634       0x38 ./drivers/fsl_clock.o
 .text.CLOCK_GetMcgExtClkFreq
                0x000000000000266c       0x34 ./drivers/fsl_clock.o
 .text.CLOCK_GetFllExtRefClkFreq
                0x00000000000026a0       0xa4 ./drivers/fsl_clock.o
 .text.CLOCK_GetFllRefClkFreq
                0x0000000000002744       0x2c ./drivers/fsl_clock.o
 .text.CLOCK_GetOscRangeFromFreq
                0x0000000000002770       0x4c ./drivers/fsl_clock.o
 .text.CLOCK_GetPllFllSelClkFreq
                0x00000000000027bc       0x4c ./drivers/fsl_clock.o
                0x00000000000027bc                CLOCK_GetPllFllSelClkFreq
 .text.CLOCK_SetSimConfig
                0x0000000000002808       0x38 ./drivers/fsl_clock.o
                0x0000000000002808                CLOCK_SetSimConfig
 .text.CLOCK_GetFllFreq
                0x0000000000002840       0x84 ./drivers/fsl_clock.o
                0x0000000000002840                CLOCK_GetFllFreq
 .text.CLOCK_GetPll0Freq
                0x00000000000028c4       0x80 ./drivers/fsl_clock.o
                0x00000000000028c4                CLOCK_GetPll0Freq
 .text.CLOCK_SetInternalRefClkConfig
                0x0000000000002944      0x128 ./drivers/fsl_clock.o
                0x0000000000002944                CLOCK_SetInternalRefClkConfig
 .text.CLOCK_EnablePll0
                0x0000000000002a6c       0xa0 ./drivers/fsl_clock.o
                0x0000000000002a6c                CLOCK_EnablePll0
 .text.CLOCK_InitOsc0
                0x0000000000002b0c       0x94 ./drivers/fsl_clock.o
                0x0000000000002b0c                CLOCK_InitOsc0
 .text.CLOCK_SetPbeMode
                0x0000000000002ba0       0xc0 ./drivers/fsl_clock.o
                0x0000000000002ba0                CLOCK_SetPbeMode
 .text.CLOCK_BootToPeeMode
                0x0000000000002c60       0x80 ./drivers/fsl_clock.o
                0x0000000000002c60                CLOCK_BootToPeeMode
 .text.__assert_func
                0x0000000000002ce0       0x28 ./drivers/fsl_common.o
                0x0000000000002ce0                __assert_func
 .text.CLOCK_EnableClock
                0x0000000000002d08       0x34 ./drivers/fsl_lpsci.o
 .text.LPSCI_GetInstance
                0x0000000000002d3c       0x54 ./drivers/fsl_lpsci.o
                0x0000000000002d3c                LPSCI_GetInstance
 .text.LPSCI_Init
                0x0000000000002d90      0x270 ./drivers/fsl_lpsci.o
                0x0000000000002d90                LPSCI_Init
 .text.LPSCI_GetDefaultConfig
                0x0000000000003000       0x54 ./drivers/fsl_lpsci.o
                0x0000000000003000                LPSCI_GetDefaultConfig
 .text.LPSCI_ClearStatusFlags
                0x0000000000003054       0x94 ./drivers/fsl_lpsci.o
                0x0000000000003054                LPSCI_ClearStatusFlags
 .text.LPSCI_WriteBlocking
                0x00000000000030e8       0x5c ./drivers/fsl_lpsci.o
                0x00000000000030e8                LPSCI_WriteBlocking
 .text.LPSCI_ReadBlocking
                0x0000000000003144       0xd0 ./drivers/fsl_lpsci.o
                0x0000000000003144                LPSCI_ReadBlocking
 .text.UART0_DriverIRQHandler
                0x0000000000003214       0x24 ./drivers/fsl_lpsci.o
                0x0000000000003214                UART0_DriverIRQHandler
 .text.CLOCK_EnableClock
                0x0000000000003238       0x34 ./drivers/fsl_uart.o
 .text.UART_GetInstance
                0x000000000000326c       0x60 ./drivers/fsl_uart.o
                0x000000000000326c                UART_GetInstance
 .text.UART_Init
                0x00000000000032cc      0x1f8 ./drivers/fsl_uart.o
                0x00000000000032cc                UART_Init
 .text.UART_GetDefaultConfig
                0x00000000000034c4       0x54 ./drivers/fsl_uart.o
                0x00000000000034c4                UART_GetDefaultConfig
 .text.UART_ReadBlocking
                0x0000000000003518       0xa8 ./drivers/fsl_uart.o
                0x0000000000003518                UART_ReadBlocking
 .text.UART1_DriverIRQHandler
                0x00000000000035c0       0x24 ./drivers/fsl_uart.o
                0x00000000000035c0                UART1_DriverIRQHandler
 .text.UART2_DriverIRQHandler
                0x00000000000035e4       0x24 ./drivers/fsl_uart.o
                0x00000000000035e4                UART2_DriverIRQHandler
 .text.CLOCK_SetLpsci0Clock
                0x0000000000003608       0x38 ./board/board.o
 .text.BOARD_InitDebugConsole
                0x0000000000003640       0x30 ./board/board.o
                0x0000000000003640                BOARD_InitDebugConsole
 .text.CLOCK_SetSimSafeDivs
                0x0000000000003670       0x20 ./board/clock_config.o
 .text.CLOCK_SetXtal0Freq
                0x0000000000003690       0x1c ./board/clock_config.o
 .text.CLOCK_CONFIG_SetFllExtRefDiv
                0x00000000000036ac       0x3c ./board/clock_config.o
 .text.BOARD_BootClockRUN
                0x00000000000036e8       0x64 ./board/clock_config.o
                0x00000000000036e8                BOARD_BootClockRUN
 .text.CLOCK_EnableClock
                0x000000000000374c       0x34 ./board/pin_mux.o
 .text.PORT_SetPinMux
                0x0000000000003780       0x40 ./board/pin_mux.o
 .text.BOARD_InitPins
                0x00000000000037c0       0xb8 ./board/pin_mux.o
                0x00000000000037c0                BOARD_InitPins
 .text.SystemInit
                0x0000000000003878       0x18 ./CMSIS/system_MKL25Z4.o
                0x0000000000003878                SystemInit
 .text          0x0000000000003890      0x114 /usr/local/mcuxpressoide-10.3.1_2233/ide/plugins/com.nxp.mcuxpresso.tools.linux_10.3.0.201811011841/tools/bin/../lib/gcc/arm-none-eabi/7.3.1/thumb/v6-m/libgcc.a(_udivsi3.o)
                0x0000000000003890                __udivsi3
                0x0000000000003890                __aeabi_uidiv
                0x000000000000399c                __aeabi_uidivmod
 .text          0x00000000000039a4        0x4 /usr/local/mcuxpressoide-10.3.1_2233/ide/plugins/com.nxp.mcuxpresso.tools.linux_10.3.0.201811011841/tools/bin/../lib/gcc/arm-none-eabi/7.3.1/thumb/v6-m/libgcc.a(_dvmd_tls.o)
                0x00000000000039a4                __aeabi_ldiv0
                0x00000000000039a4                __aeabi_idiv0
 .text          0x00000000000039a8      0xa08 /usr/local/mcuxpressoide-10.3.1_2233/ide/plugins/com.nxp.mcuxpresso.tools.linux_10.3.0.201811011841/tools/bin/../lib/gcc/arm-none-eabi/7.3.1/thumb/v6-m/libgcc.a(unwind-arm.o)
                0x0000000000003c64                _Unwind_GetCFA
                0x0000000000003c68                __gnu_Unwind_RaiseException
                0x0000000000003cbc                __gnu_Unwind_ForcedUnwind
                0x0000000000003cd0                __gnu_Unwind_Resume
                0x0000000000003d18                __gnu_Unwind_Resume_or_Rethrow
                0x0000000000003d34                _Unwind_Complete
                0x0000000000003d38                _Unwind_DeleteException
                0x0000000000003d48                _Unwind_VRS_Get
                0x0000000000003d90                _Unwind_VRS_Set
                0x0000000000003dd8                __gnu_Unwind_Backtrace
                0x0000000000004128                __aeabi_unwind_cpp_pr0
                0x0000000000004134                __aeabi_unwind_cpp_pr1
                0x0000000000004140                __aeabi_unwind_cpp_pr2
                0x000000000000414c                _Unwind_VRS_Pop
 .text          0x00000000000043b0      0x144 /usr/local/mcuxpressoide-10.3.1_2233/ide/plugins/com.nxp.mcuxpresso.tools.linux_10.3.0.201811011841/tools/bin/../lib/gcc/arm-none-eabi/7.3.1/thumb/v6-m/libgcc.a(libunwind.o)
                0x00000000000043b0                __restore_core_regs
                0x00000000000043b0                restore_core_regs
                0x00000000000043dc                __gnu_Unwind_Restore_VFP
                0x00000000000043e0                __gnu_Unwind_Save_VFP
                0x00000000000043e4                __gnu_Unwind_Restore_VFP_D
                0x00000000000043e8                __gnu_Unwind_Save_VFP_D
                0x00000000000043ec                __gnu_Unwind_Restore_VFP_D_16_to_31
                0x00000000000043f0                __gnu_Unwind_Save_VFP_D_16_to_31
                0x00000000000043f4                __gnu_Unwind_Restore_WMMXD
                0x00000000000043f8                __gnu_Unwind_Save_WMMXD
                0x00000000000043fc                __gnu_Unwind_Restore_WMMXC
                0x0000000000004400                __gnu_Unwind_Save_WMMXC
                0x0000000000004404                ___Unwind_RaiseException
                0x0000000000004404                _Unwind_RaiseException
                0x0000000000004434                ___Unwind_Resume
                0x0000000000004434                _Unwind_Resume
                0x0000000000004464                _Unwind_Resume_or_Rethrow
                0x0000000000004464                ___Unwind_Resume_or_Rethrow
                0x0000000000004494                ___Unwind_ForcedUnwind
                0x0000000000004494                _Unwind_ForcedUnwind
                0x00000000000044c4                _Unwind_Backtrace
                0x00000000000044c4                ___Unwind_Backtrace
 .text          0x00000000000044f4      0x39c /usr/local/mcuxpressoide-10.3.1_2233/ide/plugins/com.nxp.mcuxpresso.tools.linux_10.3.0.201811011841/tools/bin/../lib/gcc/arm-none-eabi/7.3.1/thumb/v6-m/libgcc.a(pr-support.o)
                0x0000000000004548                __gnu_unwind_execute
                0x0000000000004838                __gnu_unwind_frame
                0x0000000000004860                _Unwind_GetRegionStart
                0x000000000000486c                _Unwind_GetLanguageSpecificData
                0x0000000000004880                _Unwind_GetDataRelBase
                0x0000000000004888                _Unwind_GetTextRelBase
 .text.__libc_init_array
                0x0000000000004890       0x48 /usr/local/mcuxpressoide-10.3.1_2233/ide/plugins/com.nxp.mcuxpresso.tools.linux_10.3.0.201811011841/tools/bin/../lib/gcc/arm-none-eabi/7.3.1/../../../../arm-none-eabi/lib/thumb/v6-m/libc_nano.a(lib_a-init.o)
                0x0000000000004890                __libc_init_array
 .text.printf   0x00000000000048d8       0x34 /usr/local/mcuxpressoide-10.3.1_2233/ide/plugins/com.nxp.mcuxpresso.tools.linux_10.3.0.201811011841/tools/bin/../lib/gcc/arm-none-eabi/7.3.1/../../../../arm-none-eabi/lib/thumb/v6-m/libc_nano.a(lib_a-printf.o)
                0x00000000000048d8                printf
                0x00000000000048d8                iprintf
 .text.raise    0x000000000000490c       0x14 /usr/local/mcuxpressoide-10.3.1_2233/ide/plugins/com.nxp.mcuxpresso.tools.linux_10.3.0.201811011841/tools/bin/../lib/gcc/arm-none-eabi/7.3.1/../../../../arm-none-eabi/lib/thumb/v6-m/libc_nano.a(lib_a-signal.o)
                0x000000000000490c                raise
 .text._kill_r  0x0000000000004920       0x24 /usr/local/mcuxpressoide-10.3.1_2233/ide/plugins/com.nxp.mcuxpresso.tools.linux_10.3.0.201811011841/tools/bin/../lib/gcc/arm-none-eabi/7.3.1/../../../../arm-none-eabi/lib/thumb/v6-m/libc_nano.a(lib_a-signalr.o)
                0x0000000000004920                _kill_r
 .text.std      0x0000000000004944       0x48 /usr/local/mcuxpressoide-10.3.1_2233/ide/plugins/com.nxp.mcuxpresso.tools.linux_10.3.0.201811011841/tools/bin/../lib/gcc/arm-none-eabi/7.3.1/../../../../arm-none-eabi/lib/thumb/v6-m/libc_nano.a(lib_a-findfp.o)
 .text._cleanup_r
                0x000000000000498c       0x10 /usr/local/mcuxpressoide-10.3.1_2233/ide/plugins/com.nxp.mcuxpresso.tools.linux_10.3.0.201811011841/tools/bin/../lib/gcc/arm-none-eabi/7.3.1/../../../../arm-none-eabi/lib/thumb/v6-m/libc_nano.a(lib_a-findfp.o)
                0x000000000000498c                _cleanup_r
 .text.__sinit  0x000000000000499c       0x68 /usr/local/mcuxpressoide-10.3.1_2233/ide/plugins/com.nxp.mcuxpresso.tools.linux_10.3.0.201811011841/tools/bin/../lib/gcc/arm-none-eabi/7.3.1/../../../../arm-none-eabi/lib/thumb/v6-m/libc_nano.a(lib_a-findfp.o)
                0x000000000000499c                __sinit
 .text.__sfp    0x0000000000004a04       0x7c /usr/local/mcuxpressoide-10.3.1_2233/ide/plugins/com.nxp.mcuxpresso.tools.linux_10.3.0.201811011841/tools/bin/../lib/gcc/arm-none-eabi/7.3.1/../../../../arm-none-eabi/lib/thumb/v6-m/libc_nano.a(lib_a-findfp.o)
                0x0000000000004a04                __sfp
 .text._malloc_r
                0x0000000000004a80       0xbc /usr/local/mcuxpressoide-10.3.1_2233/ide/plugins/com.nxp.mcuxpresso.tools.linux_10.3.0.201811011841/tools/bin/../lib/gcc/arm-none-eabi/7.3.1/../../../../arm-none-eabi/lib/thumb/v6-m/libc_nano.a(lib_a-nano-mallocr.o)
                0x0000000000004a80                _malloc_r
 .text._vfprintf_r
                0x0000000000004b3c      0x22c /usr/local/mcuxpressoide-10.3.1_2233/ide/plugins/com.nxp.mcuxpresso.tools.linux_10.3.0.201811011841/tools/bin/../lib/gcc/arm-none-eabi/7.3.1/../../../../arm-none-eabi/lib/thumb/v6-m/libc_nano.a(lib_a-nano-vfprintf.o)
                0x0000000000004b3c                _vfiprintf_r
                0x0000000000004b3c                _vfprintf_r
 .text._printf_i
                0x0000000000004d68      0x210 /usr/local/mcuxpressoide-10.3.1_2233/ide/plugins/com.nxp.mcuxpresso.tools.linux_10.3.0.201811011841/tools/bin/../lib/gcc/arm-none-eabi/7.3.1/../../../../arm-none-eabi/lib/thumb/v6-m/libc_nano.a(lib_a-nano-vfprintf_i.o)
                0x0000000000004d68                _printf_i
 .text._sbrk_r  0x0000000000004f78       0x24 /usr/local/mcuxpressoide-10.3.1_2233/ide/plugins/com.nxp.mcuxpresso.tools.linux_10.3.0.201811011841/tools/bin/../lib/gcc/arm-none-eabi/7.3.1/../../../../arm-none-eabi/lib/thumb/v6-m/libc_nano.a(lib_a-sbrkr.o)
                0x0000000000004f78                _sbrk_r
 .text.__sread  0x0000000000004f9c       0x28 /usr/local/mcuxpressoide-10.3.1_2233/ide/plugins/com.nxp.mcuxpresso.tools.linux_10.3.0.201811011841/tools/bin/../lib/gcc/arm-none-eabi/7.3.1/../../../../arm-none-eabi/lib/thumb/v6-m/libc_nano.a(lib_a-stdio.o)
                0x0000000000004f9c                __sread
 .text.__swrite
                0x0000000000004fc4       0x38 /usr/local/mcuxpressoide-10.3.1_2233/ide/plugins/com.nxp.mcuxpresso.tools.linux_10.3.0.201811011841/tools/bin/../lib/gcc/arm-none-eabi/7.3.1/../../../../arm-none-eabi/lib/thumb/v6-m/libc_nano.a(lib_a-stdio.o)
                0x0000000000004fc4                __swrite
 .text.__sseek  0x0000000000004ffc       0x2c /usr/local/mcuxpressoide-10.3.1_2233/ide/plugins/com.nxp.mcuxpresso.tools.linux_10.3.0.201811011841/tools/bin/../lib/gcc/arm-none-eabi/7.3.1/../../../../arm-none-eabi/lib/thumb/v6-m/libc_nano.a(lib_a-stdio.o)
                0x0000000000004ffc                __sseek
 .text.__swbuf_r
                0x0000000000005028       0xac /usr/local/mcuxpressoide-10.3.1_2233/ide/plugins/com.nxp.mcuxpresso.tools.linux_10.3.0.201811011841/tools/bin/../lib/gcc/arm-none-eabi/7.3.1/../../../../arm-none-eabi/lib/thumb/v6-m/libc_nano.a(lib_a-wbuf.o)
                0x0000000000005028                __swbuf_r
 .text._write_r
                0x00000000000050d4       0x28 /usr/local/mcuxpressoide-10.3.1_2233/ide/plugins/com.nxp.mcuxpresso.tools.linux_10.3.0.201811011841/tools/bin/../lib/gcc/arm-none-eabi/7.3.1/../../../../arm-none-eabi/lib/thumb/v6-m/libc_nano.a(lib_a-writer.o)
                0x00000000000050d4                _write_r
 .text.__swsetup_r
                0x00000000000050fc       0xec /usr/local/mcuxpressoide-10.3.1_2233/ide/plugins/com.nxp.mcuxpresso.tools.linux_10.3.0.201811011841/tools/bin/../lib/gcc/arm-none-eabi/7.3.1/../../../../arm-none-eabi/lib/thumb/v6-m/libc_nano.a(lib_a-wsetup.o)
                0x00000000000050fc                __swsetup_r
 .text._close_r
                0x00000000000051e8       0x24 /usr/local/mcuxpressoide-10.3.1_2233/ide/plugins/com.nxp.mcuxpresso.tools.linux_10.3.0.201811011841/tools/bin/../lib/gcc/arm-none-eabi/7.3.1/../../../../arm-none-eabi/lib/thumb/v6-m/libc_nano.a(lib_a-closer.o)
                0x00000000000051e8                _close_r
 .text.__sflush_r
                0x000000000000520c      0x114 /usr/local/mcuxpressoide-10.3.1_2233/ide/plugins/com.nxp.mcuxpresso.tools.linux_10.3.0.201811011841/tools/bin/../lib/gcc/arm-none-eabi/7.3.1/../../../../arm-none-eabi/lib/thumb/v6-m/libc_nano.a(lib_a-fflush.o)
                0x000000000000520c                __sflush_r
 .text._fflush_r
                0x0000000000005320       0x58 /usr/local/mcuxpressoide-10.3.1_2233/ide/plugins/com.nxp.mcuxpresso.tools.linux_10.3.0.201811011841/tools/bin/../lib/gcc/arm-none-eabi/7.3.1/../../../../arm-none-eabi/lib/thumb/v6-m/libc_nano.a(lib_a-fflush.o)
                0x0000000000005320                _fflush_r
 .text._lseek_r
                0x0000000000005378       0x28 /usr/local/mcuxpressoide-10.3.1_2233/ide/plugins/com.nxp.mcuxpresso.tools.linux_10.3.0.201811011841/tools/bin/../lib/gcc/arm-none-eabi/7.3.1/../../../../arm-none-eabi/lib/thumb/v6-m/libc_nano.a(lib_a-lseekr.o)
                0x0000000000005378                _lseek_r
 .text.__swhatbuf_r
                0x00000000000053a0       0x50 /usr/local/mcuxpressoide-10.3.1_2233/ide/plugins/com.nxp.mcuxpresso.tools.linux_10.3.0.201811011841/tools/bin/../lib/gcc/arm-none-eabi/7.3.1/../../../../arm-none-eabi/lib/thumb/v6-m/libc_nano.a(lib_a-makebuf.o)
                0x00000000000053a0                __swhatbuf_r
 .text.__smakebuf_r
                0x00000000000053f0       0x88 /usr/local/mcuxpressoide-10.3.1_2233/ide/plugins/com.nxp.mcuxpresso.tools.linux_10.3.0.201811011841/tools/bin/../lib/gcc/arm-none-eabi/7.3.1/../../../../arm-none-eabi/lib/thumb/v6-m/libc_nano.a(lib_a-makebuf.o)
                0x00000000000053f0                __smakebuf_r
 .text._free_r  0x0000000000005478       0x94 /usr/local/mcuxpressoide-10.3.1_2233/ide/plugins/com.nxp.mcuxpresso.tools.linux_10.3.0.201811011841/tools/bin/../lib/gcc/arm-none-eabi/7.3.1/../../../../arm-none-eabi/lib/thumb/v6-m/libc_nano.a(lib_a-nano-freer.o)
                0x0000000000005478                _free_r
 .text._read_r  0x000000000000550c       0x28 /usr/local/mcuxpressoide-10.3.1_2233/ide/plugins/com.nxp.mcuxpresso.tools.linux_10.3.0.201811011841/tools/bin/../lib/gcc/arm-none-eabi/7.3.1/../../../../arm-none-eabi/lib/thumb/v6-m/libc_nano.a(lib_a-readr.o)
                0x000000000000550c                _read_r
 .text._fstat_r
                0x0000000000005534       0x24 /usr/local/mcuxpressoide-10.3.1_2233/ide/plugins/com.nxp.mcuxpresso.tools.linux_10.3.0.201811011841/tools/bin/../lib/gcc/arm-none-eabi/7.3.1/../../../../arm-none-eabi/lib/thumb/v6-m/libc_nano.a(lib_a-fstatr.o)
                0x0000000000005534                _fstat_r
 .text._isatty_r
                0x0000000000005558       0x24 /usr/local/mcuxpressoide-10.3.1_2233/ide/plugins/com.nxp.mcuxpresso.tools.linux_10.3.0.201811011841/tools/bin/../lib/gcc/arm-none-eabi/7.3.1/../../../../arm-none-eabi/lib/thumb/v6-m/libc_nano.a(lib_a-isattyr.o)
                0x0000000000005558                _isatty_r
 .text._sbrk    0x000000000000557c       0x40 /usr/local/mcuxpressoide-10.3.1_2233/ide/plugins/com.nxp.mcuxpresso.tools.linux_10.3.0.201811011841/tools/bin/../lib/gcc/arm-none-eabi/7.3.1/../../../../arm-none-eabi/lib/thumb/v6-m/libcr_newlib_nohost.a(_cr_sbrk.o)
                0x000000000000557c                _sbrk
 .text._close   0x00000000000055bc       0x10 /usr/local/mcuxpressoide-10.3.1_2233/ide/plugins/com.nxp.mcuxpresso.tools.linux_10.3.0.201811011841/tools/bin/../lib/gcc/arm-none-eabi/7.3.1/../../../../arm-none-eabi/lib/thumb/v6-m/libcr_newlib_nohost.a(close.o)
                0x00000000000055bc                _close
 .text._fstat   0x00000000000055cc       0x10 /usr/local/mcuxpressoide-10.3.1_2233/ide/plugins/com.nxp.mcuxpresso.tools.linux_10.3.0.201811011841/tools/bin/../lib/gcc/arm-none-eabi/7.3.1/../../../../arm-none-eabi/lib/thumb/v6-m/libcr_newlib_nohost.a(fstat.o)
                0x00000000000055cc                _fstat
 .text._getpid  0x00000000000055dc       0x10 /usr/local/mcuxpressoide-10.3.1_2233/ide/plugins/com.nxp.mcuxpresso.tools.linux_10.3.0.201811011841/tools/bin/../lib/gcc/arm-none-eabi/7.3.1/../../../../arm-none-eabi/lib/thumb/v6-m/libcr_newlib_nohost.a(getpid.o)
                0x00000000000055dc                _getpid
 .text._isatty  0x00000000000055ec       0x10 /usr/local/mcuxpressoide-10.3.1_2233/ide/plugins/com.nxp.mcuxpresso.tools.linux_10.3.0.201811011841/tools/bin/../lib/gcc/arm-none-eabi/7.3.1/../../../../arm-none-eabi/lib/thumb/v6-m/libcr_newlib_nohost.a(isatty.o)
                0x00000000000055ec                _isatty
 .text._kill    0x00000000000055fc       0x10 /usr/local/mcuxpressoide-10.3.1_2233/ide/plugins/com.nxp.mcuxpresso.tools.linux_10.3.0.201811011841/tools/bin/../lib/gcc/arm-none-eabi/7.3.1/../../../../arm-none-eabi/lib/thumb/v6-m/libcr_newlib_nohost.a(kill.o)
                0x00000000000055fc                _kill
 .text._lseek   0x000000000000560c       0x10 /usr/local/mcuxpressoide-10.3.1_2233/ide/plugins/com.nxp.mcuxpresso.tools.linux_10.3.0.201811011841/tools/bin/../lib/gcc/arm-none-eabi/7.3.1/../../../../arm-none-eabi/lib/thumb/v6-m/libcr_newlib_nohost.a(lseek.o)
                0x000000000000560c                _lseek
 .text.__check_heap_overflow
                0x000000000000561c       0x14 /usr/local/mcuxpressoide-10.3.1_2233/ide/plugins/com.nxp.mcuxpresso.tools.linux_10.3.0.201811011841/tools/bin/../lib/gcc/arm-none-eabi/7.3.1/../../../../arm-none-eabi/lib/thumb/v6-m/libcr_newlib_nohost.a(_cr_check_heap.o)
                0x000000000000561c                __check_heap_overflow
 .text          0x0000000000005630       0x48 /usr/local/mcuxpressoide-10.3.1_2233/ide/plugins/com.nxp.mcuxpresso.tools.linux_10.3.0.201811011841/tools/bin/../lib/gcc/arm-none-eabi/7.3.1/thumb/v6-m/crtbegin.o
 .text.__errno  0x0000000000005678        0xc /usr/local/mcuxpressoide-10.3.1_2233/ide/plugins/com.nxp.mcuxpresso.tools.linux_10.3.0.201811011841/tools/bin/../lib/gcc/arm-none-eabi/7.3.1/../../../../arm-none-eabi/lib/thumb/v6-m/libc_nano.a(lib_a-errno.o)
                0x0000000000005678                __errno
 .text.UART_EnableTx
                0x0000000000005684       0x40 ./utilities/fsl_debug_console.o
 .text.UART_EnableRx
                0x00000000000056c4       0x40 ./utilities/fsl_debug_console.o
 .text.LPSCI_EnableTx
                0x0000000000005704       0x40 ./utilities/fsl_debug_console.o
 .text.LPSCI_EnableRx
                0x0000000000005744       0x40 ./utilities/fsl_debug_console.o
 .text.vListInitialise
                0x0000000000005784       0x3c ./freertos/list.o
                0x0000000000005784                vListInitialise
 .text.vListInitialiseItem
                0x00000000000057c0       0x16 ./freertos/list.o
                0x00000000000057c0                vListInitialiseItem
 .text.vListInsertEnd
                0x00000000000057d6       0x44 ./freertos/list.o
                0x00000000000057d6                vListInsertEnd
 .text.vListInsert
                0x000000000000581a       0x6c ./freertos/list.o
                0x000000000000581a                vListInsert
 .text.uxListRemove
                0x0000000000005886       0x50 ./freertos/list.o
                0x0000000000005886                uxListRemove
 .text.SVC_Handler
                0x00000000000058d6        0xa ./freertos/port.o
                0x00000000000058d6                SVC_Handler
 .text.ulSetInterruptMaskFromISR
                0x00000000000058e0        0xc ./freertos/port.o
                0x00000000000058e0                ulSetInterruptMaskFromISR
 .text.vClearInterruptMaskFromISR
                0x00000000000058ec        0x8 ./freertos/port.o
                0x00000000000058ec                vClearInterruptMaskFromISR
 .text.xQueueGenericReset
                0x00000000000058f4       0xa8 ./freertos/queue.o
                0x00000000000058f4                xQueueGenericReset
 .text.xQueueGenericCreate
                0x000000000000599c       0x64 ./freertos/queue.o
                0x000000000000599c                xQueueGenericCreate
 .text.prvInitialiseNewQueue
                0x0000000000005a00       0x4e ./freertos/queue.o
 .text.xQueueGenericSend
                0x0000000000005a4e      0x188 ./freertos/queue.o
                0x0000000000005a4e                xQueueGenericSend
 .text.xQueueGenericSendFromISR
                0x0000000000005bd6       0xe2 ./freertos/queue.o
                0x0000000000005bd6                xQueueGenericSendFromISR
 .text.xQueueGenericReceive
                0x0000000000005cb8      0x1c8 ./freertos/queue.o
                0x0000000000005cb8                xQueueGenericReceive
 .text.prvCopyDataToQueue
                0x0000000000005e80       0xd6 ./freertos/queue.o
 .text.prvCopyDataFromQueue
                0x0000000000005f56       0x4c ./freertos/queue.o
 .text.prvUnlockQueue
                0x0000000000005fa2       0xbc ./freertos/queue.o
 .text.prvIsQueueEmpty
                0x000000000000605e       0x2c ./freertos/queue.o
 .text.prvIsQueueFull
                0x000000000000608a       0x30 ./freertos/queue.o
 .text.vQueueWaitForMessageRestricted
                0x00000000000060ba       0x66 ./freertos/queue.o
                0x00000000000060ba                vQueueWaitForMessageRestricted
 .text.xTaskCreate
                0x0000000000006120       0x90 ./freertos/tasks.o
                0x0000000000006120                xTaskCreate
 .text.prvDeleteTCB
                0x00000000000061b0       0x22 ./freertos/tasks.o
 .text.prvTimerTask
                0x00000000000061d2       0x28 ./freertos/timers.o
 .text.OSC_SetExtRefClkConfig
                0x00000000000061fa       0x3e ./drivers/fsl_clock.o
 .text.OSC_SetCapLoad
                0x0000000000006238       0x42 ./drivers/fsl_clock.o
 .text.CLOCK_GetPll0RefFreq
                0x000000000000627a       0x10 ./drivers/fsl_clock.o
 .text.CLOCK_SetExternalRefClkConfig
                0x000000000000628a       0x16 ./drivers/fsl_clock.o
                0x000000000000628a                CLOCK_SetExternalRefClkConfig
 .text.LPSCI_GetStatusFlags
                0x00000000000062a0       0x26 ./drivers/fsl_lpsci.o
                0x00000000000062a0                LPSCI_GetStatusFlags
 .text.UART_GetStatusFlags
                0x00000000000062c6       0x26 ./drivers/fsl_uart.o
                0x00000000000062c6                UART_GetStatusFlags
 .text.UART_WriteBlocking
                0x00000000000062ec       0x3a ./drivers/fsl_uart.o
                0x00000000000062ec                UART_WriteBlocking
 .text.BOARD_InitBootClocks
                0x0000000000006326        0xe ./board/clock_config.o
                0x0000000000006326                BOARD_InitBootClocks
 .text.BOARD_InitBootPeripherals
                0x0000000000006334        0xa ./board/peripherals.o
                0x0000000000006334                BOARD_InitBootPeripherals
 .text.BOARD_InitBootPins
                0x000000000000633e        0xe ./board/pin_mux.o
                0x000000000000633e                BOARD_InitBootPins
 .text.abort    0x000000000000634c        0xe /usr/local/mcuxpressoide-10.3.1_2233/ide/plugins/com.nxp.mcuxpresso.tools.linux_10.3.0.201811011841/tools/bin/../lib/gcc/arm-none-eabi/7.3.1/../../../../arm-none-eabi/lib/thumb/v6-m/libc_nano.a(lib_a-abort.o)
                0x000000000000634c                abort
 .text.memcpy   0x000000000000635a       0x12 /usr/local/mcuxpressoide-10.3.1_2233/ide/plugins/com.nxp.mcuxpresso.tools.linux_10.3.0.201811011841/tools/bin/../lib/gcc/arm-none-eabi/7.3.1/../../../../arm-none-eabi/lib/thumb/v6-m/libc_nano.a(lib_a-memcpy-stub.o)
                0x000000000000635a                memcpy
 .text.memset   0x000000000000636c       0x10 /usr/local/mcuxpressoide-10.3.1_2233/ide/plugins/com.nxp.mcuxpresso.tools.linux_10.3.0.201811011841/tools/bin/../lib/gcc/arm-none-eabi/7.3.1/../../../../arm-none-eabi/lib/thumb/v6-m/libc_nano.a(lib_a-memset.o)
                0x000000000000636c                memset
 .text._raise_r
                0x000000000000637c       0x54 /usr/local/mcuxpressoide-10.3.1_2233/ide/plugins/com.nxp.mcuxpresso.tools.linux_10.3.0.201811011841/tools/bin/../lib/gcc/arm-none-eabi/7.3.1/../../../../arm-none-eabi/lib/thumb/v6-m/libc_nano.a(lib_a-signal.o)
                0x000000000000637c                _raise_r
 .text._getpid_r
                0x00000000000063d0        0x8 /usr/local/mcuxpressoide-10.3.1_2233/ide/plugins/com.nxp.mcuxpresso.tools.linux_10.3.0.201811011841/tools/bin/../lib/gcc/arm-none-eabi/7.3.1/../../../../arm-none-eabi/lib/thumb/v6-m/libc_nano.a(lib_a-signalr.o)
                0x00000000000063d0                _getpid_r
 .text.__sfmoreglue
                0x00000000000063d8       0x2c /usr/local/mcuxpressoide-10.3.1_2233/ide/plugins/com.nxp.mcuxpresso.tools.linux_10.3.0.201811011841/tools/bin/../lib/gcc/arm-none-eabi/7.3.1/../../../../arm-none-eabi/lib/thumb/v6-m/libc_nano.a(lib_a-findfp.o)
                0x00000000000063d8                __sfmoreglue
 .text._fwalk_reent
                0x0000000000006404       0x42 /usr/local/mcuxpressoide-10.3.1_2233/ide/plugins/com.nxp.mcuxpresso.tools.linux_10.3.0.201811011841/tools/bin/../lib/gcc/arm-none-eabi/7.3.1/../../../../arm-none-eabi/lib/thumb/v6-m/libc_nano.a(lib_a-fwalk.o)
                0x0000000000006404                _fwalk_reent
 .text.__sfputc_r
                0x0000000000006446       0x2a /usr/local/mcuxpressoide-10.3.1_2233/ide/plugins/com.nxp.mcuxpresso.tools.linux_10.3.0.201811011841/tools/bin/../lib/gcc/arm-none-eabi/7.3.1/../../../../arm-none-eabi/lib/thumb/v6-m/libc_nano.a(lib_a-nano-vfprintf.o)
 .text.__sfputs_r
                0x0000000000006470       0x24 /usr/local/mcuxpressoide-10.3.1_2233/ide/plugins/com.nxp.mcuxpresso.tools.linux_10.3.0.201811011841/tools/bin/../lib/gcc/arm-none-eabi/7.3.1/../../../../arm-none-eabi/lib/thumb/v6-m/libc_nano.a(lib_a-nano-vfprintf.o)
                0x0000000000006470                __sfputs_r
 .text._printf_common
                0x0000000000006494       0xda /usr/local/mcuxpressoide-10.3.1_2233/ide/plugins/com.nxp.mcuxpresso.tools.linux_10.3.0.201811011841/tools/bin/../lib/gcc/arm-none-eabi/7.3.1/../../../../arm-none-eabi/lib/thumb/v6-m/libc_nano.a(lib_a-nano-vfprintf_i.o)
                0x0000000000006494                _printf_common
 .text.__sclose
                0x000000000000656e        0xc /usr/local/mcuxpressoide-10.3.1_2233/ide/plugins/com.nxp.mcuxpresso.tools.linux_10.3.0.201811011841/tools/bin/../lib/gcc/arm-none-eabi/7.3.1/../../../../arm-none-eabi/lib/thumb/v6-m/libc_nano.a(lib_a-stdio.o)
                0x000000000000656e                __sclose
 .text.memchr   0x000000000000657a       0x16 /usr/local/mcuxpressoide-10.3.1_2233/ide/plugins/com.nxp.mcuxpresso.tools.linux_10.3.0.201811011841/tools/bin/../lib/gcc/arm-none-eabi/7.3.1/../../../../arm-none-eabi/lib/thumb/v6-m/libc_nano.a(lib_a-memchr-stub.o)
                0x000000000000657a                memchr
 .text.__malloc_lock
                0x0000000000006590        0x2 /usr/local/mcuxpressoide-10.3.1_2233/ide/plugins/com.nxp.mcuxpresso.tools.linux_10.3.0.201811011841/tools/bin/../lib/gcc/arm-none-eabi/7.3.1/../../../../arm-none-eabi/lib/thumb/v6-m/libc_nano.a(lib_a-mlock.o)
                0x0000000000006590                __malloc_lock
 .text.__malloc_unlock
                0x0000000000006592        0x2 /usr/local/mcuxpressoide-10.3.1_2233/ide/plugins/com.nxp.mcuxpresso.tools.linux_10.3.0.201811011841/tools/bin/../lib/gcc/arm-none-eabi/7.3.1/../../../../arm-none-eabi/lib/thumb/v6-m/libc_nano.a(lib_a-mlock.o)
                0x0000000000006592                __malloc_unlock
 .text._exit    0x0000000000006594        0x2 /usr/local/mcuxpressoide-10.3.1_2233/ide/plugins/com.nxp.mcuxpresso.tools.linux_10.3.0.201811011841/tools/bin/../lib/gcc/arm-none-eabi/7.3.1/../../../../arm-none-eabi/lib/thumb/v6-m/libcr_newlib_nohost.a(_exit.o)
                0x0000000000006594                _exit
 *(SORT_BY_ALIGNMENT(.rodata) SORT_BY_ALIGNMENT(.rodata.*) SORT_BY_ALIGNMENT(.constdata) SORT_BY_ALIGNMENT(.constdata.*))
 *fill*         0x0000000000006596        0x2 ff
 .rodata        0x0000000000006598       0x22 ./source/UART.o
 *fill*         0x00000000000065ba        0x2 ff
 .rodata        0x00000000000065bc        0x5 ./freertos/tasks.o
 *fill*         0x00000000000065c1        0x3 ff
 .rodata        0x00000000000065c4        0xd ./freertos/timers.o
 *fill*         0x00000000000065d1        0x3 ff
 .rodata.prvProcessReceivedCommands
                0x00000000000065d4       0x28 ./freertos/timers.o
 .rodata        0x00000000000065fc       0x47 ./drivers/fsl_clock.o
 *fill*         0x0000000000006643        0x1 ff
 .rodata.__func__.5287
                0x0000000000006644       0x17 ./drivers/fsl_clock.o
 *fill*         0x000000000000665b        0x1 ff
 .rodata.fllFactorTable.5393
                0x000000000000665c       0x10 ./drivers/fsl_clock.o
 .rodata.__func__.5408
                0x000000000000666c       0x12 ./drivers/fsl_clock.o
 *fill*         0x000000000000667e        0x2 ff
 .rodata.__func__.5448
                0x0000000000006680       0x11 ./drivers/fsl_clock.o
 *fill*         0x0000000000006691        0x3 ff
 .rodata.__func__.5585
                0x0000000000006694       0x11 ./drivers/fsl_clock.o
 *fill*         0x00000000000066a5        0x3 ff
 .rodata.__func__.5652
                0x00000000000066a8       0x14 ./drivers/fsl_clock.o
 .rodata        0x00000000000066bc       0x3e ./drivers/fsl_common.o
 *fill*         0x00000000000066fa        0x2 ff
 .rodata        0x00000000000066fc       0xb2 ./drivers/fsl_lpsci.o
 *fill*         0x00000000000067ae        0x2 ff
 .rodata.__func__.5468
                0x00000000000067b0       0x12 ./drivers/fsl_lpsci.o
 *fill*         0x00000000000067c2        0x2 ff
 .rodata.__func__.5504
                0x00000000000067c4        0xb ./drivers/fsl_lpsci.o
 *fill*         0x00000000000067cf        0x1 ff
 .rodata.__func__.5525
                0x00000000000067d0       0x17 ./drivers/fsl_lpsci.o
 *fill*         0x00000000000067e7        0x1 ff
 .rodata.__func__.5570
                0x00000000000067e8       0x14 ./drivers/fsl_lpsci.o
 .rodata.__func__.5582
                0x00000000000067fc       0x13 ./drivers/fsl_lpsci.o
 *fill*         0x000000000000680f        0x1 ff
 .rodata.s_uartBases
                0x0000000000006810        0xc ./drivers/fsl_uart.o
 .rodata.s_uartClock
                0x000000000000681c        0xc ./drivers/fsl_uart.o
 .rodata        0x0000000000006828       0xaa ./drivers/fsl_uart.o
 *fill*         0x00000000000068d2        0x2 ff
 .rodata.__func__.5471
                0x00000000000068d4       0x11 ./drivers/fsl_uart.o
 *fill*         0x00000000000068e5        0x3 ff
 .rodata.__func__.5487
                0x00000000000068e8        0xa ./drivers/fsl_uart.o
 *fill*         0x00000000000068f2        0x2 ff
 .rodata.__func__.5500
                0x00000000000068f4       0x16 ./drivers/fsl_uart.o
 *fill*         0x000000000000690a        0x2 ff
 .rodata.__func__.5558
                0x000000000000690c       0x12 ./drivers/fsl_uart.o
 *fill*         0x000000000000691e        0x2 ff
 .rodata.mcgConfig_BOARD_BootClockRUN
                0x0000000000006920        0xa ./board/clock_config.o
                0x0000000000006920                mcgConfig_BOARD_BootClockRUN
 *fill*         0x000000000000692a        0x2 ff
 .rodata.simConfig_BOARD_BootClockRUN
                0x000000000000692c        0x8 ./board/clock_config.o
                0x000000000000692c                simConfig_BOARD_BootClockRUN
 .rodata.oscConfig_BOARD_BootClockRUN
                0x0000000000006934        0x8 ./board/clock_config.o
                0x0000000000006934                oscConfig_BOARD_BootClockRUN
 .rodata.__sf_fake_stderr
                0x000000000000693c       0x20 /usr/local/mcuxpressoide-10.3.1_2233/ide/plugins/com.nxp.mcuxpresso.tools.linux_10.3.0.201811011841/tools/bin/../lib/gcc/arm-none-eabi/7.3.1/../../../../arm-none-eabi/lib/thumb/v6-m/libc_nano.a(lib_a-findfp.o)
                0x000000000000693c                __sf_fake_stderr
 .rodata.__sf_fake_stdin
                0x000000000000695c       0x20 /usr/local/mcuxpressoide-10.3.1_2233/ide/plugins/com.nxp.mcuxpresso.tools.linux_10.3.0.201811011841/tools/bin/../lib/gcc/arm-none-eabi/7.3.1/../../../../arm-none-eabi/lib/thumb/v6-m/libc_nano.a(lib_a-findfp.o)
                0x000000000000695c                __sf_fake_stdin
 .rodata.__sf_fake_stdout
                0x000000000000697c       0x20 /usr/local/mcuxpressoide-10.3.1_2233/ide/plugins/com.nxp.mcuxpresso.tools.linux_10.3.0.201811011841/tools/bin/../lib/gcc/arm-none-eabi/7.3.1/../../../../arm-none-eabi/lib/thumb/v6-m/libc_nano.a(lib_a-findfp.o)
                0x000000000000697c                __sf_fake_stdout
 .rodata._global_impure_ptr
                0x000000000000699c        0x4 /usr/local/mcuxpressoide-10.3.1_2233/ide/plugins/com.nxp.mcuxpresso.tools.linux_10.3.0.201811011841/tools/bin/../lib/gcc/arm-none-eabi/7.3.1/../../../../arm-none-eabi/lib/thumb/v6-m/libc_nano.a(lib_a-impure.o)
                0x000000000000699c                _global_impure_ptr
 .rodata._vfprintf_r.str1.1
                0x00000000000069a0       0x11 /usr/local/mcuxpressoide-10.3.1_2233/ide/plugins/com.nxp.mcuxpresso.tools.linux_10.3.0.201811011841/tools/bin/../lib/gcc/arm-none-eabi/7.3.1/../../../../arm-none-eabi/lib/thumb/v6-m/libc_nano.a(lib_a-nano-vfprintf.o)
 .rodata._printf_i.str1.1
                0x00000000000069b1       0x22 /usr/local/mcuxpressoide-10.3.1_2233/ide/plugins/com.nxp.mcuxpresso.tools.linux_10.3.0.201811011841/tools/bin/../lib/gcc/arm-none-eabi/7.3.1/../../../../arm-none-eabi/lib/thumb/v6-m/libc_nano.a(lib_a-nano-vfprintf_i.o)
                0x00000000000069d4                . = ALIGN (0x4)
 *fill*         0x00000000000069d3        0x1 ff
                0x00000000000069d4                . = ALIGN (0x4)
 *(SORT_BY_ALIGNMENT(.init))
 .init          0x00000000000069d4        0x4 /usr/local/mcuxpressoide-10.3.1_2233/ide/plugins/com.nxp.mcuxpresso.tools.linux_10.3.0.201811011841/tools/bin/../lib/gcc/arm-none-eabi/7.3.1/thumb/v6-m/crti.o
                0x00000000000069d4                _init
 .init          0x00000000000069d8        0x8 /usr/local/mcuxpressoide-10.3.1_2233/ide/plugins/com.nxp.mcuxpresso.tools.linux_10.3.0.201811011841/tools/bin/../lib/gcc/arm-none-eabi/7.3.1/thumb/v6-m/crtn.o
                0x00000000000069e0                . = ALIGN (0x4)
                0x00000000000069e0                __preinit_array_start = .
 *(SORT_BY_ALIGNMENT(.preinit_array))
                0x00000000000069e0                __preinit_array_end = .
                0x00000000000069e0                . = ALIGN (0x4)
                0x00000000000069e0                __init_array_start = .
 *(SORT_BY_NAME(SORT_BY_ALIGNMENT(.init_array.*)))
 *(SORT_BY_ALIGNMENT(.init_array))
 .init_array    0x00000000000069e0        0x4 /usr/local/mcuxpressoide-10.3.1_2233/ide/plugins/com.nxp.mcuxpresso.tools.linux_10.3.0.201811011841/tools/bin/../lib/gcc/arm-none-eabi/7.3.1/thumb/v6-m/crtbegin.o
                0x00000000000069e4                __init_array_end = .
 *(SORT_BY_ALIGNMENT(.fini))
 .fini          0x00000000000069e4        0x4 /usr/local/mcuxpressoide-10.3.1_2233/ide/plugins/com.nxp.mcuxpresso.tools.linux_10.3.0.201811011841/tools/bin/../lib/gcc/arm-none-eabi/7.3.1/thumb/v6-m/crti.o
                0x00000000000069e4                _fini
 .fini          0x00000000000069e8        0x8 /usr/local/mcuxpressoide-10.3.1_2233/ide/plugins/com.nxp.mcuxpresso.tools.linux_10.3.0.201811011841/tools/bin/../lib/gcc/arm-none-eabi/7.3.1/thumb/v6-m/crtn.o
                0x00000000000069f0                . = ALIGN (0x4)
 *crtbegin.o(SORT_BY_ALIGNMENT(.ctors))
 *(SORT_BY_ALIGNMENT(EXCLUDE_FILE(*crtend.o) .ctors))
 *(SORT_BY_NAME(SORT_BY_ALIGNMENT(.ctors.*)))
 *crtend.o(SORT_BY_ALIGNMENT(.ctors))
                0x00000000000069f0                . = ALIGN (0x4)
 *crtbegin.o(SORT_BY_ALIGNMENT(.dtors))
 *(SORT_BY_ALIGNMENT(EXCLUDE_FILE(*crtend.o) .dtors))
 *(SORT_BY_NAME(SORT_BY_ALIGNMENT(.dtors.*)))
 *crtend.o(SORT_BY_ALIGNMENT(.dtors))
                0x00000000000069f0                . = ALIGN (0x4)

.glue_7         0x00000000000069f0        0x0
 .glue_7        0x00000000000069f0        0x0 linker stubs

.glue_7t        0x00000000000069f0        0x0
 .glue_7t       0x00000000000069f0        0x0 linker stubs

.vfp11_veneer   0x00000000000069f0        0x0
 .vfp11_veneer  0x00000000000069f0        0x0 linker stubs

.v4_bx          0x00000000000069f0        0x0
 .v4_bx         0x00000000000069f0        0x0 linker stubs

.iplt           0x00000000000069f0        0x0
 .iplt          0x00000000000069f0        0x0 ./utilities/fsl_debug_console.o

.ARM.extab      0x00000000000069f0       0x9c
 *(SORT_BY_ALIGNMENT(.ARM.extab*) SORT_BY_ALIGNMENT(.gnu.linkonce.armextab.*))
 .ARM.extab     0x00000000000069f0       0x24 ./source/UART.o
 .ARM.extab     0x0000000000006a14       0x48 ./lib/MMA8451Q.o
 .ARM.extab     0x0000000000006a5c       0x24 /usr/local/mcuxpressoide-10.3.1_2233/ide/plugins/com.nxp.mcuxpresso.tools.linux_10.3.0.201811011841/tools/bin/../lib/gcc/arm-none-eabi/7.3.1/thumb/v6-m/libgcc.a(unwind-arm.o)
 .ARM.extab     0x0000000000006a80        0xc /usr/local/mcuxpressoide-10.3.1_2233/ide/plugins/com.nxp.mcuxpresso.tools.linux_10.3.0.201811011841/tools/bin/../lib/gcc/arm-none-eabi/7.3.1/thumb/v6-m/libgcc.a(pr-support.o)
                0x0000000000006a8c                __exidx_start = .

.eh_frame       0x0000000000006a8c        0x0
 .eh_frame      0x0000000000006a8c        0x0 /usr/local/mcuxpressoide-10.3.1_2233/ide/plugins/com.nxp.mcuxpresso.tools.linux_10.3.0.201811011841/tools/bin/../lib/gcc/arm-none-eabi/7.3.1/thumb/v6-m/crtbegin.o

.ARM.exidx      0x0000000000006a8c      0x140
 *(SORT_BY_ALIGNMENT(.ARM.exidx*) SORT_BY_ALIGNMENT(.gnu.linkonce.armexidx.*))
 .ARM.exidx.after_vectors.init_data
                0x0000000000006a94        0x8 ./startup/startup_mkl25z4.o
 .ARM.exidx.after_vectors.init_bss
                0x0000000000006a9c        0x0 ./startup/startup_mkl25z4.o
                                          0x8 (size before relaxing)
 .ARM.exidx.after_vectors.reset
                0x0000000000006a8c        0x8 ./startup/startup_mkl25z4.o
 .ARM.exidx.after_vectors
                0x0000000000006a9c       0x10 ./startup/startup_mkl25z4.o
                                        0x130 (size before relaxing)
 .ARM.exidx     0x0000000000006aac       0x20 ./source/UART.o
 .ARM.exidx     0x0000000000006acc        0x8 ./lib/I2C.o
                                         0x70 (size before relaxing)
 .ARM.exidx     0x0000000000006ad4       0x38 ./lib/MMA8451Q.o
                                         0x30 (size before relaxing)
 .ARM.exidx     0x0000000000006b0c       0x90 /usr/local/mcuxpressoide-10.3.1_2233/ide/plugins/com.nxp.mcuxpresso.tools.linux_10.3.0.201811011841/tools/bin/../lib/gcc/arm-none-eabi/7.3.1/thumb/v6-m/libgcc.a(unwind-arm.o)
                                         0xd8 (size before relaxing)
 .ARM.exidx     0x0000000000006b9c       0x30 /usr/local/mcuxpressoide-10.3.1_2233/ide/plugins/com.nxp.mcuxpresso.tools.linux_10.3.0.201811011841/tools/bin/../lib/gcc/arm-none-eabi/7.3.1/thumb/v6-m/libgcc.a(pr-support.o)
                                         0x48 (size before relaxing)
                0x0000000000006bcc                __exidx_end = .
                0x0000000000006bcc                _etext = .

.rel.dyn        0x0000000000006bcc        0x0
 .rel.iplt      0x0000000000006bcc        0x0 ./utilities/fsl_debug_console.o

.m_usb_data
 *(SORT_BY_ALIGNMENT(m_usb_bdt))

.mtb_buffer_default
                0x000000001ffff000       0x80
 *(SORT_BY_ALIGNMENT(.mtb*))
 .mtb.$RAM1     0x000000001ffff000       0x80 ./source/mtb.o
                0x000000001ffff000                __mtb_buffer__

.uninit_RESERVED
                0x000000001ffff080        0x0
 *(SORT_BY_ALIGNMENT(.bss.$RESERVED*))
                0x000000001ffff080                . = ALIGN (0x4)
                0x000000001ffff080                _end_uninit_RESERVED = .

.data           0x000000001ffff080       0x70 load address 0x0000000000006bcc
 FILL mask 0xff
                0x000000001ffff080                _data = .
 *(SORT_BY_ALIGNMENT(vtable))
 *(SORT_BY_ALIGNMENT(.ramfunc*))
 *(SORT_BY_ALIGNMENT(.data*))
 .data.uxCriticalNesting
                0x000000001ffff080        0x4 ./freertos/port.o
 .data.s_slowIrcFreq
                0x000000001ffff084        0x4 ./drivers/fsl_clock.o
 .data.SystemCoreClock
                0x000000001ffff088        0x4 ./CMSIS/system_MKL25Z4.o
                0x000000001ffff088                SystemCoreClock
 .data._impure_ptr
                0x000000001ffff08c        0x4 /usr/local/mcuxpressoide-10.3.1_2233/ide/plugins/com.nxp.mcuxpresso.tools.linux_10.3.0.201811011841/tools/bin/../lib/gcc/arm-none-eabi/7.3.1/../../../../arm-none-eabi/lib/thumb/v6-m/libc_nano.a(lib_a-impure.o)
                0x000000001ffff08c                _impure_ptr
 .data.impure_data
                0x000000001ffff090       0x60 /usr/local/mcuxpressoide-10.3.1_2233/ide/plugins/com.nxp.mcuxpresso.tools.linux_10.3.0.201811011841/tools/bin/../lib/gcc/arm-none-eabi/7.3.1/../../../../arm-none-eabi/lib/thumb/v6-m/libc_nano.a(lib_a-impure.o)
                0x000000001ffff0f0                . = ALIGN (0x4)
                0x000000001ffff0f0                _edata = .

.igot.plt       0x000000001ffff0f0        0x0 load address 0x0000000000006c3c
 .igot.plt      0x000000001ffff0f0        0x0 ./utilities/fsl_debug_console.o

.bss            0x000000001ffff0f0     0x29fc load address 0x0000000000006c3c
                0x000000001ffff0f0                _bss = .
 *(SORT_BY_ALIGNMENT(.bss*))
 .bss.s_debugConsole
                0x000000001ffff0f0       0x10 ./utilities/fsl_debug_console.o
 .bss           0x000000001ffff100        0xc ./source/UART.o
                0x000000001ffff100                task1_handle
                0x000000001ffff104                task2_handle
                0x000000001ffff108                task3_handle
 .bss.ucHeap    0x000000001ffff10c     0x2800 ./freertos/heap_4.o
 .bss.xStart    0x000000002000190c        0x8 ./freertos/heap_4.o
 .bss.pxEnd     0x0000000020001914        0x4 ./freertos/heap_4.o
 .bss.xFreeBytesRemaining
                0x0000000020001918        0x4 ./freertos/heap_4.o
 .bss.xMinimumEverFreeBytesRemaining
                0x000000002000191c        0x4 ./freertos/heap_4.o
 .bss.xBlockAllocatedBit
                0x0000000020001920        0x4 ./freertos/heap_4.o
 .bss.xQueueRegistry
                0x0000000020001924       0x40 ./freertos/queue.o
                0x0000000020001924                xQueueRegistry
 .bss.pxCurrentTCB
                0x0000000020001964        0x4 ./freertos/tasks.o
                0x0000000020001964                pxCurrentTCB
 .bss.pxReadyTasksLists
                0x0000000020001968       0x64 ./freertos/tasks.o
 .bss.xDelayedTaskList1
                0x00000000200019cc       0x14 ./freertos/tasks.o
 .bss.xDelayedTaskList2
                0x00000000200019e0       0x14 ./freertos/tasks.o
 .bss.pxDelayedTaskList
                0x00000000200019f4        0x4 ./freertos/tasks.o
 .bss.pxOverflowDelayedTaskList
                0x00000000200019f8        0x4 ./freertos/tasks.o
 .bss.xPendingReadyList
                0x00000000200019fc       0x14 ./freertos/tasks.o
 .bss.xTasksWaitingTermination
                0x0000000020001a10       0x14 ./freertos/tasks.o
 .bss.uxDeletedTasksWaitingCleanUp
                0x0000000020001a24        0x4 ./freertos/tasks.o
 .bss.xSuspendedTaskList
                0x0000000020001a28       0x14 ./freertos/tasks.o
 .bss.uxCurrentNumberOfTasks
                0x0000000020001a3c        0x4 ./freertos/tasks.o
 .bss.xTickCount
                0x0000000020001a40        0x4 ./freertos/tasks.o
 .bss.uxTopReadyPriority
                0x0000000020001a44        0x4 ./freertos/tasks.o
 .bss.xSchedulerRunning
                0x0000000020001a48        0x4 ./freertos/tasks.o
 .bss.uxPendedTicks
                0x0000000020001a4c        0x4 ./freertos/tasks.o
 .bss.xYieldPending
                0x0000000020001a50        0x4 ./freertos/tasks.o
 .bss.xNumOfOverflows
                0x0000000020001a54        0x4 ./freertos/tasks.o
 .bss.uxTaskNumber
                0x0000000020001a58        0x4 ./freertos/tasks.o
 .bss.xNextTaskUnblockTime
                0x0000000020001a5c        0x4 ./freertos/tasks.o
 .bss.xIdleTaskHandle
                0x0000000020001a60        0x4 ./freertos/tasks.o
 .bss.uxSchedulerSuspended
                0x0000000020001a64        0x4 ./freertos/tasks.o
 .bss.xActiveTimerList1
                0x0000000020001a68       0x14 ./freertos/timers.o
 .bss.xActiveTimerList2
                0x0000000020001a7c       0x14 ./freertos/timers.o
 .bss.pxCurrentTimerList
                0x0000000020001a90        0x4 ./freertos/timers.o
 .bss.pxOverflowTimerList
                0x0000000020001a94        0x4 ./freertos/timers.o
 .bss.xTimerQueue
                0x0000000020001a98        0x4 ./freertos/timers.o
 .bss.xTimerTaskHandle
                0x0000000020001a9c        0x4 ./freertos/timers.o
 .bss.xLastTime.4909
                0x0000000020001aa0        0x4 ./freertos/timers.o
 .bss.g_xtal0Freq
                0x0000000020001aa4        0x4 ./drivers/fsl_clock.o
                0x0000000020001aa4                g_xtal0Freq
 .bss.s_lpsciHandle
                0x0000000020001aa8        0x4 ./drivers/fsl_lpsci.o
 .bss.s_lpsciIsr
                0x0000000020001aac        0x4 ./drivers/fsl_lpsci.o
 .bss.s_uartHandle
                0x0000000020001ab0        0xc ./drivers/fsl_uart.o
 .bss.s_uartIsr
                0x0000000020001abc        0x4 ./drivers/fsl_uart.o
 .bss.__malloc_free_list
                0x0000000020001ac0        0x4 /usr/local/mcuxpressoide-10.3.1_2233/ide/plugins/com.nxp.mcuxpresso.tools.linux_10.3.0.201811011841/tools/bin/../lib/gcc/arm-none-eabi/7.3.1/../../../../arm-none-eabi/lib/thumb/v6-m/libc_nano.a(lib_a-nano-mallocr.o)
                0x0000000020001ac0                __malloc_free_list
 .bss.__malloc_sbrk_start
                0x0000000020001ac4        0x4 /usr/local/mcuxpressoide-10.3.1_2233/ide/plugins/com.nxp.mcuxpresso.tools.linux_10.3.0.201811011841/tools/bin/../lib/gcc/arm-none-eabi/7.3.1/../../../../arm-none-eabi/lib/thumb/v6-m/libc_nano.a(lib_a-nano-mallocr.o)
                0x0000000020001ac4                __malloc_sbrk_start
 .bss.__end_of_heap
                0x0000000020001ac8        0x4 /usr/local/mcuxpressoide-10.3.1_2233/ide/plugins/com.nxp.mcuxpresso.tools.linux_10.3.0.201811011841/tools/bin/../lib/gcc/arm-none-eabi/7.3.1/../../../../arm-none-eabi/lib/thumb/v6-m/libcr_newlib_nohost.a(_cr_sbrk.o)
                0x0000000020001ac8                __end_of_heap
 .bss           0x0000000020001acc       0x1c /usr/local/mcuxpressoide-10.3.1_2233/ide/plugins/com.nxp.mcuxpresso.tools.linux_10.3.0.201811011841/tools/bin/../lib/gcc/arm-none-eabi/7.3.1/thumb/v6-m/crtbegin.o
 *(SORT_BY_ALIGNMENT(COMMON))
 COMMON         0x0000000020001ae8        0x4 /usr/local/mcuxpressoide-10.3.1_2233/ide/plugins/com.nxp.mcuxpresso.tools.linux_10.3.0.201811011841/tools/bin/../lib/gcc/arm-none-eabi/7.3.1/../../../../arm-none-eabi/lib/thumb/v6-m/libc_nano.a(lib_a-reent.o)
                0x0000000020001ae8                errno
                0x0000000020001aec                . = ALIGN (0x4)
                0x0000000020001aec                _ebss = .
                [!provide]                        PROVIDE (end = .)

.noinit         0x0000000020001aec        0x0 load address 0x0000000000006c3c
                0x0000000020001aec                _noinit = .
 *(SORT_BY_ALIGNMENT(.noinit*))
                0x0000000020001aec                . = ALIGN (0x4)
                0x0000000020001aec                _end_noinit = .
                0x0000000000000400                _HeapSize = 0x400

.heap           0x0000000020001aec      0x400 load address 0x0000000000006c3c
                0x0000000020001aec                _pvHeapStart = .
                0x0000000020001eec                . = (. + _HeapSize)
 *fill*         0x0000000020001aec      0x400 
                0x0000000020001eec                . = ALIGN (0x4)
                0x0000000020001eec                _pvHeapLimit = .
                0x0000000000000400                _StackSize = 0x400

.heap2stackfill
                0x0000000020001eec      0x400 load address 0x0000000000006c3c
                0x00000000200022ec                . = (. + _StackSize)
 *fill*         0x0000000020001eec      0x400 

.stack          0x0000000020002c00        0x0
                0x0000000020002c00                _vStackBase = .
                0x0000000020002c00                . = ALIGN (0x4)
                0x0000000020003000                _vStackTop = (. + _StackSize)
                0x0000000000000000                _image_start = LOADADDR (.text)
                0x0000000000006c3c                _image_end = (LOADADDR (.data) + SIZEOF (.data))
                0x0000000000006c3c                _image_size = (_image_end - _image_start)
OUTPUT(UART.axf elf32-littlearm)

.debug_info     0x0000000000000000    0x17718
 .debug_info    0x0000000000000000     0x112e ./utilities/fsl_debug_console.o
 .debug_info    0x000000000000112e      0x49e ./startup/startup_mkl25z4.o
 .debug_info    0x00000000000015cc     0x13de ./source/UART.o
 .debug_info    0x00000000000029aa       0x52 ./source/mtb.o
 .debug_info    0x00000000000029fc      0xfed ./lib/I2C.o
 .debug_info    0x00000000000039e9      0xfb1 ./lib/MMA8451Q.o
 .debug_info    0x000000000000499a       0xbb ./freertos/fsl_tickless_lptmr.o
 .debug_info    0x0000000000004a55      0xb08 ./freertos/heap_4.o
 .debug_info    0x000000000000555d      0xac5 ./freertos/list.o
 .debug_info    0x0000000000006022      0x234 ./freertos/port.o
 .debug_info    0x0000000000006256     0x1631 ./freertos/queue.o
 .debug_info    0x0000000000007887     0x1f67 ./freertos/tasks.o
 .debug_info    0x00000000000097ee     0x12e8 ./freertos/timers.o
 .debug_info    0x000000000000aad6     0x225e ./drivers/fsl_clock.o
 .debug_info    0x000000000000cd34      0xc3e ./drivers/fsl_common.o
 .debug_info    0x000000000000d972     0x1dd2 ./drivers/fsl_lpsci.o
 .debug_info    0x000000000000f744     0x1d58 ./drivers/fsl_uart.o
 .debug_info    0x000000000001149c      0xea0 ./board/board.o
 .debug_info    0x000000000001233c     0x1285 ./board/clock_config.o
 .debug_info    0x00000000000135c1       0x3b ./board/peripherals.o
 .debug_info    0x00000000000135fc      0xd74 ./board/pin_mux.o
 .debug_info    0x0000000000014370      0x3ea ./CMSIS/system_MKL25Z4.o
 .debug_info    0x000000000001475a      0x961 /usr/local/mcuxpressoide-10.3.1_2233/ide/plugins/com.nxp.mcuxpresso.tools.linux_10.3.0.201811011841/tools/bin/../lib/gcc/arm-none-eabi/7.3.1/../../../../arm-none-eabi/lib/thumb/v6-m/libcr_newlib_nohost.a(_cr_sbrk.o)
 .debug_info    0x00000000000150bb      0x8f0 /usr/local/mcuxpressoide-10.3.1_2233/ide/plugins/com.nxp.mcuxpresso.tools.linux_10.3.0.201811011841/tools/bin/../lib/gcc/arm-none-eabi/7.3.1/../../../../arm-none-eabi/lib/thumb/v6-m/libcr_newlib_nohost.a(close.o)
 .debug_info    0x00000000000159ab      0xb07 /usr/local/mcuxpressoide-10.3.1_2233/ide/plugins/com.nxp.mcuxpresso.tools.linux_10.3.0.201811011841/tools/bin/../lib/gcc/arm-none-eabi/7.3.1/../../../../arm-none-eabi/lib/thumb/v6-m/libcr_newlib_nohost.a(fstat.o)
 .debug_info    0x00000000000164b2      0x8f0 /usr/local/mcuxpressoide-10.3.1_2233/ide/plugins/com.nxp.mcuxpresso.tools.linux_10.3.0.201811011841/tools/bin/../lib/gcc/arm-none-eabi/7.3.1/../../../../arm-none-eabi/lib/thumb/v6-m/libcr_newlib_nohost.a(isatty.o)
 .debug_info    0x0000000000016da2      0x90c /usr/local/mcuxpressoide-10.3.1_2233/ide/plugins/com.nxp.mcuxpresso.tools.linux_10.3.0.201811011841/tools/bin/../lib/gcc/arm-none-eabi/7.3.1/../../../../arm-none-eabi/lib/thumb/v6-m/libcr_newlib_nohost.a(lseek.o)
 .debug_info    0x00000000000176ae       0x6a /usr/local/mcuxpressoide-10.3.1_2233/ide/plugins/com.nxp.mcuxpresso.tools.linux_10.3.0.201811011841/tools/bin/../lib/gcc/arm-none-eabi/7.3.1/../../../../arm-none-eabi/lib/thumb/v6-m/libcr_newlib_nohost.a(_cr_check_heap.o)

.debug_abbrev   0x0000000000000000     0x3cc3
 .debug_abbrev  0x0000000000000000      0x2b0 ./utilities/fsl_debug_console.o
 .debug_abbrev  0x00000000000002b0      0x163 ./startup/startup_mkl25z4.o
 .debug_abbrev  0x0000000000000413      0x330 ./source/UART.o
 .debug_abbrev  0x0000000000000743       0x44 ./source/mtb.o
 .debug_abbrev  0x0000000000000787      0x31c ./lib/I2C.o
 .debug_abbrev  0x0000000000000aa3      0x319 ./lib/MMA8451Q.o
 .debug_abbrev  0x0000000000000dbc       0x63 ./freertos/fsl_tickless_lptmr.o
 .debug_abbrev  0x0000000000000e1f      0x273 ./freertos/heap_4.o
 .debug_abbrev  0x0000000000001092      0x1fe ./freertos/list.o
 .debug_abbrev  0x0000000000001290      0x16f ./freertos/port.o
 .debug_abbrev  0x00000000000013ff      0x2a8 ./freertos/queue.o
 .debug_abbrev  0x00000000000016a7      0x339 ./freertos/tasks.o
 .debug_abbrev  0x00000000000019e0      0x2b0 ./freertos/timers.o
 .debug_abbrev  0x0000000000001c90      0x3df ./drivers/fsl_clock.o
 .debug_abbrev  0x000000000000206f      0x32e ./drivers/fsl_common.o
 .debug_abbrev  0x000000000000239d      0x375 ./drivers/fsl_lpsci.o
 .debug_abbrev  0x0000000000002712      0x38d ./drivers/fsl_uart.o
 .debug_abbrev  0x0000000000002a9f      0x228 ./board/board.o
 .debug_abbrev  0x0000000000002cc7      0x2b5 ./board/clock_config.o
 .debug_abbrev  0x0000000000002f7c       0x2f ./board/peripherals.o
 .debug_abbrev  0x0000000000002fab      0x269 ./board/pin_mux.o
 .debug_abbrev  0x0000000000003214      0x116 ./CMSIS/system_MKL25Z4.o
 .debug_abbrev  0x000000000000332a      0x214 /usr/local/mcuxpressoide-10.3.1_2233/ide/plugins/com.nxp.mcuxpresso.tools.linux_10.3.0.201811011841/tools/bin/../lib/gcc/arm-none-eabi/7.3.1/../../../../arm-none-eabi/lib/thumb/v6-m/libcr_newlib_nohost.a(_cr_sbrk.o)
 .debug_abbrev  0x000000000000353e      0x1bd /usr/local/mcuxpressoide-10.3.1_2233/ide/plugins/com.nxp.mcuxpresso.tools.linux_10.3.0.201811011841/tools/bin/../lib/gcc/arm-none-eabi/7.3.1/../../../../arm-none-eabi/lib/thumb/v6-m/libcr_newlib_nohost.a(close.o)
 .debug_abbrev  0x00000000000036fb      0x1ce /usr/local/mcuxpressoide-10.3.1_2233/ide/plugins/com.nxp.mcuxpresso.tools.linux_10.3.0.201811011841/tools/bin/../lib/gcc/arm-none-eabi/7.3.1/../../../../arm-none-eabi/lib/thumb/v6-m/libcr_newlib_nohost.a(fstat.o)
 .debug_abbrev  0x00000000000038c9      0x1bd /usr/local/mcuxpressoide-10.3.1_2233/ide/plugins/com.nxp.mcuxpresso.tools.linux_10.3.0.201811011841/tools/bin/../lib/gcc/arm-none-eabi/7.3.1/../../../../arm-none-eabi/lib/thumb/v6-m/libcr_newlib_nohost.a(isatty.o)
 .debug_abbrev  0x0000000000003a86      0x1db /usr/local/mcuxpressoide-10.3.1_2233/ide/plugins/com.nxp.mcuxpresso.tools.linux_10.3.0.201811011841/tools/bin/../lib/gcc/arm-none-eabi/7.3.1/../../../../arm-none-eabi/lib/thumb/v6-m/libcr_newlib_nohost.a(lseek.o)
 .debug_abbrev  0x0000000000003c61       0x62 /usr/local/mcuxpressoide-10.3.1_2233/ide/plugins/com.nxp.mcuxpresso.tools.linux_10.3.0.201811011841/tools/bin/../lib/gcc/arm-none-eabi/7.3.1/../../../../arm-none-eabi/lib/thumb/v6-m/libcr_newlib_nohost.a(_cr_check_heap.o)

.debug_aranges  0x0000000000000000      0xd40
 .debug_aranges
                0x0000000000000000       0x58 ./utilities/fsl_debug_console.o
 .debug_aranges
                0x0000000000000058      0x160 ./startup/startup_mkl25z4.o
 .debug_aranges
                0x00000000000001b8       0x20 ./source/UART.o
 .debug_aranges
                0x00000000000001d8       0x18 ./source/mtb.o
 .debug_aranges
                0x00000000000001f0       0x20 ./lib/I2C.o
 .debug_aranges
                0x0000000000000210       0x20 ./lib/MMA8451Q.o
 .debug_aranges
                0x0000000000000230       0x20 ./freertos/fsl_tickless_lptmr.o
 .debug_aranges
                0x0000000000000250       0x50 ./freertos/heap_4.o
 .debug_aranges
                0x00000000000002a0       0x40 ./freertos/list.o
 .debug_aranges
                0x00000000000002e0       0x80 ./freertos/port.o
 .debug_aranges
                0x0000000000000360      0x118 ./freertos/queue.o
 .debug_aranges
                0x0000000000000478      0x1e8 ./freertos/tasks.o
 .debug_aranges
                0x0000000000000660       0xc8 ./freertos/timers.o
 .debug_aranges
                0x0000000000000728      0x1d8 ./drivers/fsl_clock.o
 .debug_aranges
                0x0000000000000900       0x38 ./drivers/fsl_common.o
 .debug_aranges
                0x0000000000000938      0x118 ./drivers/fsl_lpsci.o
 .debug_aranges
                0x0000000000000a50      0x130 ./drivers/fsl_uart.o
 .debug_aranges
                0x0000000000000b80       0x28 ./board/board.o
 .debug_aranges
                0x0000000000000ba8       0x58 ./board/clock_config.o
 .debug_aranges
                0x0000000000000c00       0x20 ./board/peripherals.o
 .debug_aranges
                0x0000000000000c20       0x38 ./board/pin_mux.o
 .debug_aranges
                0x0000000000000c58       0x28 ./CMSIS/system_MKL25Z4.o
 .debug_aranges
                0x0000000000000c80       0x20 /usr/local/mcuxpressoide-10.3.1_2233/ide/plugins/com.nxp.mcuxpresso.tools.linux_10.3.0.201811011841/tools/bin/../lib/gcc/arm-none-eabi/7.3.1/../../../../arm-none-eabi/lib/thumb/v6-m/libcr_newlib_nohost.a(_cr_sbrk.o)
 .debug_aranges
                0x0000000000000ca0       0x20 /usr/local/mcuxpressoide-10.3.1_2233/ide/plugins/com.nxp.mcuxpresso.tools.linux_10.3.0.201811011841/tools/bin/../lib/gcc/arm-none-eabi/7.3.1/../../../../arm-none-eabi/lib/thumb/v6-m/libcr_newlib_nohost.a(close.o)
 .debug_aranges
                0x0000000000000cc0       0x20 /usr/local/mcuxpressoide-10.3.1_2233/ide/plugins/com.nxp.mcuxpresso.tools.linux_10.3.0.201811011841/tools/bin/../lib/gcc/arm-none-eabi/7.3.1/../../../../arm-none-eabi/lib/thumb/v6-m/libcr_newlib_nohost.a(fstat.o)
 .debug_aranges
                0x0000000000000ce0       0x20 /usr/local/mcuxpressoide-10.3.1_2233/ide/plugins/com.nxp.mcuxpresso.tools.linux_10.3.0.201811011841/tools/bin/../lib/gcc/arm-none-eabi/7.3.1/../../../../arm-none-eabi/lib/thumb/v6-m/libcr_newlib_nohost.a(isatty.o)
 .debug_aranges
                0x0000000000000d00       0x20 /usr/local/mcuxpressoide-10.3.1_2233/ide/plugins/com.nxp.mcuxpresso.tools.linux_10.3.0.201811011841/tools/bin/../lib/gcc/arm-none-eabi/7.3.1/../../../../arm-none-eabi/lib/thumb/v6-m/libcr_newlib_nohost.a(lseek.o)
 .debug_aranges
                0x0000000000000d20       0x20 /usr/local/mcuxpressoide-10.3.1_2233/ide/plugins/com.nxp.mcuxpresso.tools.linux_10.3.0.201811011841/tools/bin/../lib/gcc/arm-none-eabi/7.3.1/../../../../arm-none-eabi/lib/thumb/v6-m/libcr_newlib_nohost.a(_cr_check_heap.o)

.debug_ranges   0x0000000000000000      0xb48
 .debug_ranges  0x0000000000000000       0x48 ./utilities/fsl_debug_console.o
 .debug_ranges  0x0000000000000048      0x150 ./startup/startup_mkl25z4.o
 .debug_ranges  0x0000000000000198       0x10 ./freertos/fsl_tickless_lptmr.o
 .debug_ranges  0x00000000000001a8       0x40 ./freertos/heap_4.o
 .debug_ranges  0x00000000000001e8       0x30 ./freertos/list.o
 .debug_ranges  0x0000000000000218       0x70 ./freertos/port.o
 .debug_ranges  0x0000000000000288      0x108 ./freertos/queue.o
 .debug_ranges  0x0000000000000390      0x1d8 ./freertos/tasks.o
 .debug_ranges  0x0000000000000568       0xb8 ./freertos/timers.o
 .debug_ranges  0x0000000000000620      0x1c8 ./drivers/fsl_clock.o
 .debug_ranges  0x00000000000007e8       0x28 ./drivers/fsl_common.o
 .debug_ranges  0x0000000000000810      0x108 ./drivers/fsl_lpsci.o
 .debug_ranges  0x0000000000000918      0x120 ./drivers/fsl_uart.o
 .debug_ranges  0x0000000000000a38       0x18 ./board/board.o
 .debug_ranges  0x0000000000000a50       0x48 ./board/clock_config.o
 .debug_ranges  0x0000000000000a98       0x10 ./board/peripherals.o
 .debug_ranges  0x0000000000000aa8       0x28 ./board/pin_mux.o
 .debug_ranges  0x0000000000000ad0       0x18 ./CMSIS/system_MKL25Z4.o
 .debug_ranges  0x0000000000000ae8       0x10 /usr/local/mcuxpressoide-10.3.1_2233/ide/plugins/com.nxp.mcuxpresso.tools.linux_10.3.0.201811011841/tools/bin/../lib/gcc/arm-none-eabi/7.3.1/../../../../arm-none-eabi/lib/thumb/v6-m/libcr_newlib_nohost.a(_cr_sbrk.o)
 .debug_ranges  0x0000000000000af8       0x10 /usr/local/mcuxpressoide-10.3.1_2233/ide/plugins/com.nxp.mcuxpresso.tools.linux_10.3.0.201811011841/tools/bin/../lib/gcc/arm-none-eabi/7.3.1/../../../../arm-none-eabi/lib/thumb/v6-m/libcr_newlib_nohost.a(close.o)
 .debug_ranges  0x0000000000000b08       0x10 /usr/local/mcuxpressoide-10.3.1_2233/ide/plugins/com.nxp.mcuxpresso.tools.linux_10.3.0.201811011841/tools/bin/../lib/gcc/arm-none-eabi/7.3.1/../../../../arm-none-eabi/lib/thumb/v6-m/libcr_newlib_nohost.a(fstat.o)
 .debug_ranges  0x0000000000000b18       0x10 /usr/local/mcuxpressoide-10.3.1_2233/ide/plugins/com.nxp.mcuxpresso.tools.linux_10.3.0.201811011841/tools/bin/../lib/gcc/arm-none-eabi/7.3.1/../../../../arm-none-eabi/lib/thumb/v6-m/libcr_newlib_nohost.a(isatty.o)
 .debug_ranges  0x0000000000000b28       0x10 /usr/local/mcuxpressoide-10.3.1_2233/ide/plugins/com.nxp.mcuxpresso.tools.linux_10.3.0.201811011841/tools/bin/../lib/gcc/arm-none-eabi/7.3.1/../../../../arm-none-eabi/lib/thumb/v6-m/libcr_newlib_nohost.a(lseek.o)
 .debug_ranges  0x0000000000000b38       0x10 /usr/local/mcuxpressoide-10.3.1_2233/ide/plugins/com.nxp.mcuxpresso.tools.linux_10.3.0.201811011841/tools/bin/../lib/gcc/arm-none-eabi/7.3.1/../../../../arm-none-eabi/lib/thumb/v6-m/libcr_newlib_nohost.a(_cr_check_heap.o)

.debug_macro    0x0000000000000000     0xd400
 .debug_macro   0x0000000000000000      0x2d7 ./utilities/fsl_debug_console.o
 .debug_macro   0x00000000000002d7      0xa78 ./utilities/fsl_debug_console.o
 .debug_macro   0x0000000000000d4f       0x58 ./utilities/fsl_debug_console.o
 .debug_macro   0x0000000000000da7       0x18 ./utilities/fsl_debug_console.o
 .debug_macro   0x0000000000000dbf       0x22 ./utilities/fsl_debug_console.o
 .debug_macro   0x0000000000000de1       0x58 ./utilities/fsl_debug_console.o
 .debug_macro   0x0000000000000e39       0x94 ./utilities/fsl_debug_console.o
 .debug_macro   0x0000000000000ecd       0x35 ./utilities/fsl_debug_console.o
 .debug_macro   0x0000000000000f02       0x34 ./utilities/fsl_debug_console.o
 .debug_macro   0x0000000000000f36       0x16 ./utilities/fsl_debug_console.o
 .debug_macro   0x0000000000000f4c      0x10e ./utilities/fsl_debug_console.o
 .debug_macro   0x000000000000105a       0x8d ./utilities/fsl_debug_console.o
 .debug_macro   0x00000000000010e7       0x57 ./utilities/fsl_debug_console.o
 .debug_macro   0x000000000000113e       0x58 ./utilities/fsl_debug_console.o
 .debug_macro   0x0000000000001196       0x1f ./utilities/fsl_debug_console.o
 .debug_macro   0x00000000000011b5       0x43 ./utilities/fsl_debug_console.o
 .debug_macro   0x00000000000011f8       0x20 ./utilities/fsl_debug_console.o
 .debug_macro   0x0000000000001218      0x18e ./utilities/fsl_debug_console.o
 .debug_macro   0x00000000000013a6      0x330 ./utilities/fsl_debug_console.o
 .debug_macro   0x00000000000016d6       0x16 ./utilities/fsl_debug_console.o
 .debug_macro   0x00000000000016ec       0x29 ./utilities/fsl_debug_console.o
 .debug_macro   0x0000000000001715      0x1e1 ./utilities/fsl_debug_console.o
 .debug_macro   0x00000000000018f6       0x1c ./utilities/fsl_debug_console.o
 .debug_macro   0x0000000000001912       0x22 ./utilities/fsl_debug_console.o
 .debug_macro   0x0000000000001934       0xef ./utilities/fsl_debug_console.o
 .debug_macro   0x0000000000001a23       0x6a ./utilities/fsl_debug_console.o
 .debug_macro   0x0000000000001a8d      0x1df ./utilities/fsl_debug_console.o
 .debug_macro   0x0000000000001c6c       0x16 ./utilities/fsl_debug_console.o
 .debug_macro   0x0000000000001c82       0x35 ./utilities/fsl_debug_console.o
 .debug_macro   0x0000000000001cb7       0x10 ./utilities/fsl_debug_console.o
 .debug_macro   0x0000000000001cc7       0x3f ./utilities/fsl_debug_console.o
 .debug_macro   0x0000000000001d06       0x3a ./utilities/fsl_debug_console.o
 .debug_macro   0x0000000000001d40       0x26 ./utilities/fsl_debug_console.o
 .debug_macro   0x0000000000001d66      0x329 ./utilities/fsl_debug_console.o
 .debug_macro   0x000000000000208f       0x30 ./utilities/fsl_debug_console.o
 .debug_macro   0x00000000000020bf     0x51e2 ./utilities/fsl_debug_console.o
 .debug_macro   0x00000000000072a1     0x1352 ./utilities/fsl_debug_console.o
 .debug_macro   0x00000000000085f3       0x3a ./utilities/fsl_debug_console.o
 .debug_macro   0x000000000000862d       0xf4 ./utilities/fsl_debug_console.o
 .debug_macro   0x0000000000008721       0x35 ./utilities/fsl_debug_console.o
 .debug_macro   0x0000000000008756       0x1c ./utilities/fsl_debug_console.o
 .debug_macro   0x0000000000008772       0x10 ./utilities/fsl_debug_console.o
 .debug_macro   0x0000000000008782       0x1c ./utilities/fsl_debug_console.o
 .debug_macro   0x000000000000879e       0x52 ./utilities/fsl_debug_console.o
 .debug_macro   0x00000000000087f0       0x40 ./utilities/fsl_debug_console.o
 .debug_macro   0x0000000000008830       0x10 ./utilities/fsl_debug_console.o
 .debug_macro   0x0000000000008840       0x40 ./utilities/fsl_debug_console.o
 .debug_macro   0x0000000000008880       0xd7 ./utilities/fsl_debug_console.o
 .debug_macro   0x0000000000008957       0x1c ./utilities/fsl_debug_console.o
 .debug_macro   0x0000000000008973       0x3d ./utilities/fsl_debug_console.o
 .debug_macro   0x00000000000089b0       0x16 ./utilities/fsl_debug_console.o
 .debug_macro   0x00000000000089c6      0x16f ./utilities/fsl_debug_console.o
 .debug_macro   0x0000000000008b35       0x34 ./utilities/fsl_debug_console.o
 .debug_macro   0x0000000000008b69       0x10 ./utilities/fsl_debug_console.o
 .debug_macro   0x0000000000008b79       0x10 ./utilities/fsl_debug_console.o
 .debug_macro   0x0000000000008b89       0x2a ./startup/startup_mkl25z4.o
 .debug_macro   0x0000000000008bb3      0xb68 ./startup/startup_mkl25z4.o
 .debug_macro   0x000000000000971b      0x387 ./source/UART.o
 .debug_macro   0x0000000000009aa2       0x34 ./source/UART.o
 .debug_macro   0x0000000000009ad6       0x16 ./source/UART.o
 .debug_macro   0x0000000000009aec       0x97 ./source/UART.o
 .debug_macro   0x0000000000009b83      0x353 ./source/UART.o
 .debug_macro   0x0000000000009ed6      0x104 ./source/UART.o
 .debug_macro   0x0000000000009fda       0x10 ./source/UART.o
 .debug_macro   0x0000000000009fea       0x43 ./source/UART.o
 .debug_macro   0x000000000000a02d      0x137 ./source/UART.o
 .debug_macro   0x000000000000a164       0x16 ./source/UART.o
 .debug_macro   0x000000000000a17a       0x16 ./source/UART.o
 .debug_macro   0x000000000000a190       0x1c ./source/UART.o
 .debug_macro   0x000000000000a1ac       0x35 ./source/UART.o
 .debug_macro   0x000000000000a1e1      0x329 ./source/UART.o
 .debug_macro   0x000000000000a50a       0x16 ./source/UART.o
 .debug_macro   0x000000000000a520       0x10 ./source/UART.o
 .debug_macro   0x000000000000a530      0x112 ./source/UART.o
 .debug_macro   0x000000000000a642       0x7c ./source/UART.o
 .debug_macro   0x000000000000a6be       0x3a ./source/UART.o
 .debug_macro   0x000000000000a6f8       0x16 ./source/UART.o
 .debug_macro   0x000000000000a70e       0xb8 ./source/UART.o
 .debug_macro   0x000000000000a7c6      0x18b ./source/UART.o
 .debug_macro   0x000000000000a951      0x168 ./source/UART.o
 .debug_macro   0x000000000000aab9       0xb6 ./source/UART.o
 .debug_macro   0x000000000000ab6f       0x10 ./source/UART.o
 .debug_macro   0x000000000000ab7f       0x1f ./source/UART.o
 .debug_macro   0x000000000000ab9e      0x361 ./source/UART.o
 .debug_macro   0x000000000000aeff       0x94 ./source/UART.o
 .debug_macro   0x000000000000af93       0x78 ./source/UART.o
 .debug_macro   0x000000000000b00b       0xc0 ./source/UART.o
 .debug_macro   0x000000000000b0cb       0x8c ./source/UART.o
 .debug_macro   0x000000000000b157       0x2e ./source/UART.o
 .debug_macro   0x000000000000b185       0x2f ./source/mtb.o
 .debug_macro   0x000000000000b1b4       0x82 ./source/mtb.o
 .debug_macro   0x000000000000b236       0x10 ./source/mtb.o
 .debug_macro   0x000000000000b246      0x1ce ./lib/I2C.o
 .debug_macro   0x000000000000b414      0x17b ./lib/I2C.o
 .debug_macro   0x000000000000b58f       0x10 ./lib/I2C.o
 .debug_macro   0x000000000000b59f       0x10 ./lib/I2C.o
 .debug_macro   0x000000000000b5af      0x1db ./lib/MMA8451Q.o
 .debug_macro   0x000000000000b78a       0xbe ./lib/MMA8451Q.o
 .debug_macro   0x000000000000b848       0xda ./freertos/fsl_tickless_lptmr.o
 .debug_macro   0x000000000000b922       0x8e ./freertos/fsl_tickless_lptmr.o
 .debug_macro   0x000000000000b9b0      0x1a2 ./freertos/heap_4.o
 .debug_macro   0x000000000000bb52      0x17b ./freertos/list.o
 .debug_macro   0x000000000000bccd       0xec ./freertos/port.o
 .debug_macro   0x000000000000bdb9      0x201 ./freertos/queue.o
 .debug_macro   0x000000000000bfba      0x261 ./freertos/tasks.o
 .debug_macro   0x000000000000c21b       0x11 ./freertos/tasks.o
 .debug_macro   0x000000000000c22c      0x1ae ./freertos/timers.o
 .debug_macro   0x000000000000c3da      0x26a ./drivers/fsl_clock.o
 .debug_macro   0x000000000000c644      0x288 ./drivers/fsl_common.o
 .debug_macro   0x000000000000c8cc      0x1c0 ./drivers/fsl_lpsci.o
 .debug_macro   0x000000000000ca8c      0x1c6 ./drivers/fsl_uart.o
 .debug_macro   0x000000000000cc52      0x2b1 ./board/board.o
 .debug_macro   0x000000000000cf03       0x5e ./board/board.o
 .debug_macro   0x000000000000cf61      0x1f7 ./board/clock_config.o
 .debug_macro   0x000000000000d158       0x1b ./board/peripherals.o
 .debug_macro   0x000000000000d173      0x1c2 ./board/pin_mux.o
 .debug_macro   0x000000000000d335       0x10 ./board/pin_mux.o
 .debug_macro   0x000000000000d345       0xbb ./CMSIS/system_MKL25Z4.o

.debug_line     0x0000000000000000     0x8b39
 .debug_line    0x0000000000000000      0x641 ./utilities/fsl_debug_console.o
 .debug_line    0x0000000000000641      0x13a ./startup/startup_mkl25z4.o
 .debug_line    0x000000000000077b      0x682 ./source/UART.o
 .debug_line    0x0000000000000dfd       0xda ./source/mtb.o